{
'paper.js:src/basic/Line.js':[
176,
],
'paper.js:src/basic/Matrix.js':[
709,
],
'paper.js:src/path/CompoundPath.js':[
139,
],
'paper.js:src/path/Curve.js':[
101,
],
'paper.js:src/path/Path.js':[
1824,
],
'paper.js:src/path/PathFitter.js':[
139,
],
'paper.js:src/path/Segment.js':[
429,
],
'paper.js:src/view/View.js':[
694,
],
'paper.js:test/tests/Item_Getting.js':[
182,
],
'paper.js:test/tests/PathItem.js':[
117,
],
'paper.js:test/tests/Path_Boolean.js':[
43,
44,
45,
46,
47,
51,
52,
53,
54,
55,
],
}
