{
'mootools-core:Source/Element/Element.js':[
720,
],
'mootools-core:Source/Slick/Slick.Finder.js':[
275,
],
}
