{
'mootools-core:Grunt/options/build.js':[
10,
14,
15,
20,
23,
25,
27,
30,
35,
39,
41,
43,
44,
51,
54,
59,
62,
64,
67,
70,
73,
75,
78,
80,
81,
],
'mootools-core:Grunt/options/dist.js':[
12,
16,
17,
21,
22,
26,
27,
30,
31,
32,
37,
38,
45,
48,
53,
56,
58,
61,
64,
67,
69,
70,
73,
74,
75,
],
'mootools-core:Grunt/options/options.js':[
12,
22,
24,
28,
30,
37,
38,
42,
45,
48,
49,
50,
],
'mootools-core:Grunt/options/specs.js':[
9,
11,
15,
18,
23,
26,
28,
31,
34,
],
'mootools-core:Grunt/plugins/eslint/rules/mootools-indent.js':[
72,
75,
99,
123,
141,
146,
157,
162,
178,
185,
558,
723,
737,
739,
741,
742,
746,
750,
753,
755,
757,
759,
762,
764,
765,
770,
],
'mootools-core:Grunt/plugins/eslint/rules/mootools-whitespace.js':[
8,
23,
35,
],
'mootools-core:Grunt/plugins/karma/syn/index.js':[
21,
],
'mootools-core:Grunt/plugins/karma/syn/lib/syn.js':[
18,
23,
27,
31,
35,
39,
43,
47,
51,
55,
59,
62,
66,
68,
71,
78,
83,
88,
93,
97,
102,
107,
111,
116,
120,
124,
127,
131,
133,
136,
143,
148,
152,
156,
160,
164,
168,
172,
177,
181,
185,
188,
192,
194,
197,
200,
204,
209,
214,
218,
223,
228,
233,
237,
241,
246,
251,
257,
259,
262,
272,
276,
278,
280,
283,
286,
290,
292,
294,
302,
304,
306,
309,
312,
316,
318,
320,
327,
330,
332,
333,
336,
338,
341,
343,
344,
352,
356,
358,
360,
363,
366,
370,
372,
374,
378,
382,
386,
388,
390,
393,
396,
400,
402,
404,
460,
532,
538,
554,
571,
585,
592,
599,
612,
635,
753,
789,
794,
809,
836,
844,
1059,
1101,
1174,
1192,
1429,
1437,
1444,
1454,
1460,
1465,
1479,
1485,
1514,
1648,
1781,
1883,
1886,
1916,
1972,
1973,
2086,
2342,
2507,
2522,
2526,
2542,
2593,
2611,
2612,
2680,
2737,
2932,
],
'mootools-core:Grunt/tasks/tasks.js':[
9,
14,
],
'mootools-core:Gruntfile.js':[
9,
12,
18,
24,
26,
32,
39,
41,
43,
],
'mootools-core:Source/Browser/Browser.js':[
47,
62,
64,
80,
127,
129,
168,
],
'mootools-core:Source/Class/Class.Extras.js':[
32,
88,
109,
],
'mootools-core:Source/Class/Class.Thenable.js':[
67,
77,
94,
],
'mootools-core:Source/Class/Class.js':[
108,
],
'mootools-core:Source/Core/Core.js':[
27,
163,
247,
288,
291,
293,
295,
297,
301,
336,
358,
414,
460,
],
'mootools-core:Source/Element/Element.Delegation.js':[
33,
37,
41,
43,
45,
67,
93,
109,
167,
173,
201,
],
'mootools-core:Source/Element/Element.Dimensions.js':[
140,
182,
200,
210,
214,
245,
318,
],
'mootools-core:Source/Element/Element.Event.js':[
115,
142,
146,
147,
164,
169,
181,
],
'mootools-core:Source/Element/Element.Style.js':[
193,
210,
222,
235,
],
'mootools-core:Source/Element/Element.js':[
76,
95,
174,
232,
281,
303,
334,
346,
413,
425,
454,
504,
545,
583,
614,
861,
889,
949,
1016,
1053,
1061,
1077,
1121,
1167,
1190,
],
'mootools-core:Source/Fx/Fx.CSS.js':[
100,
148,
156,
161,
166,
],
'mootools-core:Source/Fx/Fx.Morph.js':[
38,
59,
72,
],
'mootools-core:Source/Fx/Fx.Transitions.js':[
22,
45,
53,
103,
],
'mootools-core:Source/Fx/Fx.Tween.js':[
35,
52,
113,
],
'mootools-core:Source/Fx/Fx.js':[
34,
147,
],
'mootools-core:Source/Request/Request.HTML.js':[
26,
27,
31,
71,
84,
],
'mootools-core:Source/Request/Request.JSON.js':[
23,
30,
34,
],
'mootools-core:Source/Request/Request.js':[
43,
56,
230,
253,
270,
274,
285,
],
'mootools-core:Source/Slick/Slick.Finder.js':[
735,
854,
888,
],
'mootools-core:Source/Slick/Slick.Parser.js':[
30,
158,
169,
210,
],
'mootools-core:Source/Types/Array.js':[
158,
],
'mootools-core:Source/Types/DOMEvent.js':[
59,
63,
102,
120,
],
'mootools-core:Source/Types/Function.js':[
19,
73,
118,
],
'mootools-core:Source/Types/Number.js':[
36,
],
'mootools-core:Source/Types/Object.js':[
95,
200,
],
'mootools-core:Source/Types/String.js':[
77,
],
'mootools-core:Source/Utilities/Cookie.js':[
31,
59,
],
'mootools-core:Source/Utilities/DOMReady.js':[
82,
93,
],
'mootools-core:Source/Utilities/JSON.js':[
25,
],
'mootools-core:Specs/Browser/Browser.js':[
113,
115,
121,
123,
129,
131,
137,
139,
145,
147,
153,
155,
161,
163,
169,
171,
177,
179,
185,
187,
193,
195,
201,
203,
209,
211,
217,
219,
225,
227,
230,
233,
236,
],
'mootools-core:Specs/Class/Class.Extras.js':[
15,
179,
223,
295,
298,
326,
331,
343,
364,
],
'mootools-core:Specs/Class/Class.Thenable.js':[
15,
49,
54,
247,
272,
],
'mootools-core:Specs/Class/Class.js':[
25,
45,
61,
73,
85,
133,
145,
160,
166,
179,
185,
198,
205,
222,
236,
261,
271,
291,
301,
315,
],
'mootools-core:Specs/Core/Core.js':[
442,
448,
452,
459,
468,
473,
486,
511,
516,
712,
722,
730,
740,
771,
775,
777,
824,
],
'mootools-core:Specs/Core/Native.js':[
16,
28,
36,
46,
],
'mootools-core:Specs/Core/Type.js':[
21,
33,
],
'mootools-core:Specs/Element/Element.Delegation.js':[
57,
],
'mootools-core:Specs/Element/Element.Dimensions.js':[
16,
28,
33,
43,
48,
58,
63,
70,
75,
78,
97,
101,
105,
107,
111,
113,
117,
119,
123,
125,
129,
131,
135,
136,
140,
141,
145,
146,
150,
151,
155,
157,
161,
163,
200,
207,
212,
217,
267,
271,
],
'mootools-core:Specs/Element/Element.Event.js':[
38,
82,
164,
166,
167,
185,
187,
188,
286,
309,
318,
327,
382,
],
'mootools-core:Specs/Element/Element.Style.js':[
145,
156,
199,
210,
257,
258,
263,
265,
311,
312,
329,
340,
],
'mootools-core:Specs/Element/Element.js':[
86,
239,
348,
601,
702,
802,
977,
1010,
1025,
1040,
1055,
1194,
1209,
1240,
1615,
1630,
1692,
1819,
1900,
2310,
2331,
2371,
2372,
2467,
2495,
2521,
2531,
2541,
2552,
2563,
2593,
2642,
2650,
2657,
2665,
],
'mootools-core:Specs/Fx/Fx.Morph.js':[
23,
40,
42,
47,
52,
66,
87,
90,
102,
105,
108,
],
'mootools-core:Specs/Fx/Fx.Tween.js':[
22,
23,
29,
43,
45,
46,
58,
62,
78,
100,
104,
119,
127,
128,
],
'mootools-core:Specs/Fx/Fx.js':[
31,
53,
66,
72,
82,
88,
116,
133,
144,
166,
],
'mootools-core:Specs/Request/Request.HTML.js':[
30,
54,
56,
78,
80,
109,
131,
159,
181,
203,
223,
229,
],
'mootools-core:Specs/Request/Request.JSON.js':[
30,
32,
48,
50,
],
'mootools-core:Specs/Request/Request.js':[
30,
32,
47,
63,
81,
84,
102,
105,
111,
130,
132,
144,
154,
221,
232,
241,
],
'mootools-core:Specs/Types/Array.js':[
208,
216,
],
'mootools-core:Specs/Types/Number.js':[
125,
],
'mootools-core:Specs/Types/Object.js':[
24,
121,
],
'mootools-core:Specs/Utilities/Cookie.js':[
17,
30,
31,
],
'mootools-core:Specs/Utilities/JSON.js':[
20,
23,
25,
],
}
