{
'jquery:src/ajax.js':[
68,
582,
615,
825,
],
'jquery:src/ajax/jsonp.js':[
14,
],
'jquery:src/attributes/attr.js':[
94,
],
'jquery:src/attributes/classes.js':[
36,
42,
77,
85,
132,
171,
],
'jquery:src/attributes/val.js':[
143,
],
'jquery:src/callbacks.js':[
76,
],
'jquery:src/core.js':[
271,
336,
],
'jquery:src/core/ready-no-deferred.js':[
34,
42,
],
'jquery:src/core/ready.js':[
38,
46,
],
'jquery:src/css/adjustCSS.js':[
35,
],
'jquery:src/css/finalPropName.js':[
14,
],
'jquery:src/data.js':[
105,
],
'jquery:src/data/Data.js':[
7,
132,
],
'jquery:src/deferred.js':[
364,
384,
],
'jquery:src/deprecated.js':[
54,
],
'jquery:src/effects.js':[
554,
595,
651,
],
'jquery:src/event.js':[
91,
133,
153,
209,
235,
256,
323,
327,
],
'jquery:src/event/trigger.js':[
95,
],
'jquery:src/manipulation/buildFragment.js':[
43,
62,
85,
],
'jquery:src/queue.js':[
118,
129,
],
'jquery:src/selector.js':[
247,
395,
722,
728,
749,
755,
804,
837,
1014,
1022,
1132,
1193,
1281,
1295,
1307,
1367,
1433,
1472,
1480,
1529,
1590,
],
'jquery:src/selector/uniqueSort.js':[
77,
82,
],
'jquery:test/data/jquery-1.9.1.js':[
426,
439,
748,
752,
752,
840,
1327,
1640,
2079,
2090,
2164,
2203,
2238,
2463,
2827,
2852,
2906,
2934,
2954,
3070,
3154,
3158,
3257,
3666,
3671,
3735,
3955,
4107,
4289,
4588,
4643,
4884,
4890,
4904,
4907,
4953,
4986,
5157,
5165,
5264,
5316,
5392,
5406,
5418,
5474,
5527,
5535,
5558,
5566,
5615,
5664,
6665,
6687,
6722,
6743,
6845,
7709,
8123,
8153,
8156,
8346,
8454,
8485,
8611,
8878,
8943,
9451,
9490,
9600,
],
'jquery:test/data/testinit.js':[
191,
350,
],
'jquery:test/unit/ajax.js':[
1474,
1554,
2277,
2369,
],
'jquery:test/unit/callbacks.js':[
264,
],
'jquery:test/unit/core.js':[
1248,
],
'jquery:test/unit/effects.js':[
1118,
1753,
1768,
1787,
1805,
1813,
1821,
1824,
1979,
],
'jquery:test/unit/event.js':[
216,
499,
1792,
2123,
2127,
3042,
3045,
3049,
3052,
],
'jquery:test/unit/manipulation.js':[
2602,
],
'jquery:test/unit/queue.js':[
17,
21,
25,
28,
64,
67,
70,
84,
87,
90,
106,
109,
111,
116,
222,
225,
228,
232,
252,
257,
],
'jquery:test/unit/selector.js':[
1503,
1896,
],
}
