{
'jquery:test/data/jquery-1.9.1.js':[
1360,
1782,
2108,
2109,
2369,
2491,
2704,
2724,
2741,
2760,
2765,
3541,
3593,
3655,
6051,
6239,
6240,
6307,
6460,
6487,
6577,
6586,
6586,
6670,
6675,
6717,
6761,
6995,
7041,
7276,
7296,
7377,
7385,
7433,
7450,
7475,
8730,
8731,
8739,
8885,
9207,
9218,
],
'jquery:test/data/support/csp.js':[
2,
],
'jquery:test/unit/ajax.js':[
2351,
2368,
2382,
2534,
2543,
2556,
2567,
2574,
2584,
2595,
2604,
2622,
2635,
2650,
2660,
2674,
2710,
2735,
2750,
],
'jquery:test/unit/basic.js':[
28,
],
'jquery:test/unit/support.js':[
3,
],
}
