{
'jquery:src/traversing.js':[
105,
],
'jquery:test/data/jquery-1.9.1.js':[
507,
],
}
