{
'console:src/components/Info.tsx':[
18,
92,
],
'console:src/components/ModalDocs/DocsResource.tsx':[
74,
],
'console:src/components/ModalDocs/ModalDocs.tsx':[
36,
],
'console:src/components/PopupFooter.tsx':[
146,
],
'console:src/components/ResizableBox.tsx':[
90,
90,
],
'console:src/utils/codeGeneration.ts':[
19,
21,
28,
79,
85,
114,
120,
],
'console:src/utils/relay.ts':[
160,
],
'console:src/utils/utils.ts':[
146,
],
'console:src/views/FunctionsView/FunctionPopup/Trigger.tsx':[
99,
],
'console:src/views/Integrations/Algolia/AlgoliaIndexes.tsx':[
24,
],
'console:src/views/Integrations/Algolia/AlgoliaQueryEditor.tsx':[
94,
],
'console:src/views/Integrations/Algolia/CreateAlgoliaIndex.tsx':[
180,
],
'console:src/views/PermissionsView/PermissionPopup/PermissionConditions.tsx':[
185,
392,
],
'console:src/views/PermissionsView/PermissionPopup/PermissionPopupFooter.tsx':[
143,
],
'console:src/views/PermissionsView/PermissionPopup/PermissionPopupHeader.tsx':[
72,
],
'console:src/views/PermissionsView/PermissionPopup/ast.ts':[
28,
85,
109,
115,
141,
149,
],
'console:src/views/PermissionsView/RelationPermissionPopup/RelationPermissionPopupHeader.tsx':[
68,
],
'console:src/views/ProjectRootView/AddProjectPopup.tsx':[
202,
],
'console:src/views/ProjectRootView/EndpointPopup.tsx':[
164,
],
'console:src/views/RelationsPopup/BreakingChangeIndicator.tsx':[
46,
46,
],
'console:src/views/RelationsPopup/CardinalitySelection.tsx':[
14,
23,
],
'console:src/views/RelationsPopup/FieldNameInput.tsx':[
177,
],
'console:src/views/RelationsPopup/MutationsInfoBox.tsx':[
60,
61,
62,
],
'console:src/views/RelationsPopup/RelationHeader.tsx':[
71,
],
'console:src/views/RelationsPopup/RelationInfo.tsx':[
93,
94,
96,
104,
118,
120,
122,
130,
143,
145,
147,
],
'console:src/views/RelationsPopup/RelationPopup.tsx':[
440,
442,
444,
446,
474,
476,
478,
480,
501,
514,
550,
566,
572,
580,
588,
596,
603,
],
'console:src/views/SchemaView/EnumsOverview/AddEnum.tsx':[
89,
],
'console:src/views/SchemaView/EnumsOverview/EnumBox.tsx':[
84,
],
'console:src/views/SchemaView/SchemaEditor.tsx':[
263,
305,
],
'console:src/views/SchemaView/SchemaHeader.tsx':[
178,
],
'console:src/views/SchemaView/SchemaOverview/AddType.tsx':[
95,
],
'console:src/views/SchemaView/SchemaOverview/FieldItem.tsx':[
31,
],
'console:src/views/SchemaView/SchemaOverview/SchemaOverviewHeader.tsx':[
80,
],
'console:src/views/SchemaView/SchemaOverview/TypeBox.tsx':[
88,
196,
368,
],
'console:src/views/SchemaView/SchemaViewer.tsx':[
100,
],
'console:src/views/Settings/Billing/Billing.tsx':[
141,
142,
273,
],
'console:src/views/Settings/Billing/CreditCardInputSection.tsx':[
77,
333,
362,
],
'console:src/views/Settings/Billing/NodeUsageIndicator.tsx':[
22,
22,
23,
82,
141,
163,
],
'console:src/views/Settings/Billing/RequestUsageIndicator.tsx':[
56,
],
'console:src/views/Settings/Billing/Seats.tsx':[
12,
12,
13,
],
'console:src/views/Settings/Billing/Usage.tsx':[
30,
45,
],
'console:src/views/Settings/PricingColumn.tsx':[
219,
220,
278,
],
'console:src/views/Settings/Team/EmptyRow.tsx':[
176,
],
'console:src/views/Settings/Team/Team.tsx':[
93,
103,
],
'console:src/views/models/DatabrowserView/Cell/ScalarListCell.tsx':[
247,
],
'console:src/views/models/DatabrowserView/Cell/SelectNodesCell/SelectNodesCell.tsx':[
75,
],
'console:src/views/models/DatabrowserView/Cell/StringCell.tsx':[
104,
],
'console:src/views/models/DatabrowserView/NewRow.tsx':[
86,
],
'console:src/views/models/FieldPopup/FieldLabel.tsx':[
93,
],
'console:src/views/models/FieldPopup/FieldPopupFooter.tsx':[
166,
177,
230,
],
'console:src/views/models/FieldPopup/FieldPopupHeader.tsx':[
47,
],
'console:src/views/models/FieldPopup/HorizontalSelect.tsx':[
41,
],
'console:src/views/models/FieldPopup/OptionInput.tsx':[
13,
],
'console:src/views/playground/PlaygroundView/PlaygroundView.tsx':[
206,
],
}
