{
'console:src/views/Integrations/AlgoliaPopup/AlgoliaIndexPopup/AlgoliaIndexPopup.tsx':[
271,
],
'console:src/views/PermissionsView/PermissionPopup/ast.ts':[
71,
],
'console:src/views/RelationsPopup/SetMutation.tsx':[
235,
246,
272,
276,
284,
],
'console:src/views/Settings/PricingColumn.tsx':[
328,
],
'console:src/views/models/DatabrowserView/Cell/StringCell.tsx':[
74,
],
'console:src/views/models/FieldPopup/Constraints.tsx':[
310,
],
}
