{
'jshint:tests/unit/fixtures/boss.js':[
31,
66,
],
'jshint:tests/unit/fixtures/default-arguments.js':[
7,
18,
26,
],
'jshint:tests/unit/fixtures/gh988.js':[
14,
16,
16,
],
'jshint:tests/unit/fixtures/immed.js':[
17,
],
'jshint:tests/unit/fixtures/loopfunc.js':[
42,
42,
42,
],
'jshint:tests/unit/fixtures/max-parameters-per-function.js':[
4,
4,
4,
8,
9,
10,
10,
10,
11,
11,
11,
13,
13,
13,
13,
13,
16,
16,
16,
],
'jshint:tests/unit/fixtures/scope-redef.js':[
12,
],
'jshint:tests/unit/fixtures/shadow-inline.js':[
6,
16,
26,
36,
46,
],
'jshint:tests/unit/fixtures/unused.js':[
6,
28,
28,
28,
68,
69,
70,
],
}
