{
'jshint:src/jshint.js':[
1816,
2385,
3036,
3367,
3968,
5554,
5835,
6148,
6184,
],
'jshint:src/lex.js':[
1557,
],
'jshint:tests/unit/fixtures/asi.js':[
8,
],
'jshint:tests/unit/fixtures/scripturl.js':[
2,
],
}
