{
'desktop:app/src/lib/diff-parser.ts':[
15,
],
'desktop:app/src/lib/dispatcher/git-store.ts':[
748,
],
'desktop:app/src/lib/git/reflog.ts':[
9,
],
'desktop:app/src/lib/git/status.ts':[
94,
],
'desktop:app/src/lib/progress/git.ts':[
227,
],
'desktop:app/src/lib/remote-parsing.ts':[
25,
26,
27,
],
'desktop:app/src/lib/remove-remote-prefix.ts':[
10,
],
'desktop:app/src/lib/sanitize-branch.ts':[
5,
],
'desktop:app/src/lib/status-parser.ts':[
75,
92,
114,
],
'desktop:app/src/models/branch.ts':[
37,
],
'desktop:app/src/models/commit-identity.ts':[
29,
],
'desktop:app/src/ui/autocompletion/emoji-autocompletion-provider.tsx':[
39,
],
'desktop:app/src/ui/autocompletion/issues-autocompletion-provider.tsx':[
41,
],
'desktop:app/src/ui/autocompletion/user-autocompletion-provider.tsx':[
29,
],
'desktop:app/src/ui/lib/access-text.tsx':[
36,
],
}
