{
'desktop:app/src/lib/api.ts':[
13,
14,
41,
42,
43,
44,
45,
47,
48,
50,
51,
],
'desktop:app/src/lib/equality.ts':[
1,
],
'desktop:app/src/lib/logging/logger.ts':[
3,
],
'desktop:app/src/lib/progress/from-process.ts':[
6,
],
'desktop:app/src/lib/uuid.ts':[
10,
],
'desktop:app/src/main-process/app-window.ts':[
29,
],
'desktop:app/src/main-process/main.ts':[
229,
230,
],
'desktop:app/src/ui/add-repository/add-existing-repository.tsx':[
12,
],
'desktop:app/src/ui/add-repository/licenses.ts':[
9,
],
'desktop:app/src/ui/autocompletion/autocompleting-text-input.tsx':[
17,
],
'desktop:app/src/ui/diff/code-mirror-host.tsx':[
6,
10,
],
'desktop:app/src/ui/index.tsx':[
40,
47,
],
'desktop:app/src/ui/install-globals.ts':[
5,
10,
],
'desktop:app/test/fixture-helper.ts':[
6,
8,
],
'desktop:app/test/integration/launch-test.ts':[
8,
9,
10,
],
'desktop:app/test/unit/commit-identity-test.ts':[
3,
],
'desktop:app/test/unit/git/branch-test.ts':[
9,
],
'desktop:app/test/unit/git/checkout-test.ts':[
9,
],
'desktop:app/test/unit/git/commit-test.ts':[
27,
],
'desktop:app/test/unit/git/config-test.ts':[
9,
],
'desktop:app/test/unit/git/core-test.ts':[
10,
],
'desktop:app/test/unit/git/for-each-ref-test.ts':[
7,
],
'desktop:app/test/unit/git/log-test.ts':[
11,
],
'desktop:app/test/unit/git/remote-test.ts':[
9,
],
'desktop:app/test/unit/git/rev-parse-test.ts':[
10,
],
'desktop:app/test/unit/git/rm-test.ts':[
13,
],
'desktop:app/test/unit/git/status-test.ts':[
13,
],
}
