{
'desktop:app/src/lib/api.ts':[
175,
176,
],
'desktop:app/src/lib/dispatcher/app-store.ts':[
86,
96,
],
'desktop:app/src/lib/dispatcher/dispatcher.ts':[
70,
],
'desktop:app/src/lib/dispatcher/issues-store.ts':[
12,
],
'desktop:app/src/main-process/app-window.ts':[
14,
15,
16,
21,
22,
],
'desktop:app/src/shared-process/accounts-store.ts':[
6,
7,
12,
],
'desktop:app/src/shared-process/repositories-store.ts':[
17,
],
'desktop:app/src/shared-process/shared-process.ts':[
9,
],
'desktop:app/src/ui/about/about.tsx':[
63,
67,
92,
96,
],
'desktop:app/src/ui/add-repository/add-existing-repository.tsx':[
71,
76,
102,
],
'desktop:app/src/ui/add-repository/clone-repository.tsx':[
127,
162,
189,
216,
],
'desktop:app/src/ui/add-repository/create-repository.tsx':[
88,
93,
98,
119,
210,
226,
231,
],
'desktop:app/src/ui/app-error.tsx':[
73,
88,
98,
],
'desktop:app/src/ui/app-menu/app-menu-bar-button.tsx':[
200,
204,
208,
224,
235,
243,
],
'desktop:app/src/ui/app-menu/app-menu-bar.tsx':[
218,
230,
250,
265,
279,
288,
297,
344,
391,
395,
],
'desktop:app/src/ui/app-menu/app-menu.tsx':[
114,
141,
189,
211,
217,
233,
],
'desktop:app/src/ui/app-menu/menu-pane.tsx':[
152,
160,
165,
185,
192,
197,
201,
207,
213,
],
'desktop:app/src/ui/app.tsx':[
291,
295,
301,
372,
426,
459,
477,
576,
639,
643,
648,
653,
833,
837,
854,
868,
884,
895,
959,
980,
1098,
],
'desktop:app/src/ui/autocompletion/autocompleting-text-input.tsx':[
94,
107,
172,
189,
267,
339,
],
'desktop:app/src/ui/autocompletion/emoji-autocompletion-provider.tsx':[
32,
],
'desktop:app/src/ui/branches/branch-list.tsx':[
98,
120,
124,
130,
],
'desktop:app/src/ui/branches/index.tsx':[
30,
40,
49,
],
'desktop:app/src/ui/changes/changed-file.tsx':[
27,
78,
],
'desktop:app/src/ui/changes/changes-list.tsx':[
52,
57,
92,
96,
],
'desktop:app/src/ui/changes/commit-message.tsx':[
128,
132,
136,
160,
],
'desktop:app/src/ui/changes/index.tsx':[
22,
],
'desktop:app/src/ui/changes/sidebar.tsx':[
72,
76,
81,
92,
96,
104,
112,
140,
148,
],
'desktop:app/src/ui/create-branch/index.tsx':[
194,
262,
274,
],
'desktop:app/src/ui/delete-branch/index.tsx':[
40,
],
'desktop:app/src/ui/dialog/dialog.tsx':[
141,
162,
167,
198,
215,
222,
230,
],
'desktop:app/src/ui/dialog/header.tsx':[
51,
],
'desktop:app/src/ui/diff/binary-file.tsx':[
17,
],
'desktop:app/src/ui/diff/code-mirror-host.tsx':[
87,
100,
106,
112,
],
'desktop:app/src/ui/diff/diff-line-gutter.tsx':[
170,
177,
183,
215,
221,
],
'desktop:app/src/ui/diff/index.tsx':[
86,
152,
184,
190,
202,
233,
242,
254,
269,
278,
302,
321,
331,
343,
474,
485,
560,
],
'desktop:app/src/ui/discard-changes/index.tsx':[
73,
],
'desktop:app/src/ui/history/commit-list.tsx':[
23,
39,
47,
61,
],
'desktop:app/src/ui/history/commit-summary.tsx':[
67,
75,
106,
110,
],
'desktop:app/src/ui/history/file-list.tsx':[
15,
20,
],
'desktop:app/src/ui/history/index.tsx':[
45,
108,
112,
116,
],
'desktop:app/src/ui/history/sidebar.tsx':[
25,
33,
],
'desktop:app/src/ui/install-git/install.tsx':[
33,
38,
],
'desktop:app/src/ui/lib/authentication-form.tsx':[
146,
150,
154,
161,
],
'desktop:app/src/ui/lib/button.tsx':[
73,
130,
],
'desktop:app/src/ui/lib/call-to-action.tsx':[
27,
],
'desktop:app/src/ui/lib/checkbox.tsx':[
39,
71,
],
'desktop:app/src/ui/lib/configure-git-user.tsx':[
117,
125,
141,
],
'desktop:app/src/ui/lib/enterprise-server-entry.tsx':[
71,
75,
],
'desktop:app/src/ui/lib/filter-list.tsx':[
159,
170,
179,
183,
187,
209,
214,
224,
246,
],
'desktop:app/src/ui/lib/form.tsx':[
23,
],
'desktop:app/src/ui/lib/link-button.tsx':[
44,
],
'desktop:app/src/ui/lib/path-text.tsx':[
252,
256,
],
'desktop:app/src/ui/lib/sign-in.tsx':[
26,
30,
34,
38,
],
'desktop:app/src/ui/lib/text-box.tsx':[
109,
],
'desktop:app/src/ui/lib/throttled-scheduler.ts':[
3,
],
'desktop:app/src/ui/lib/toggle-button.tsx':[
72,
],
'desktop:app/src/ui/lib/two-factor-authentication.tsx':[
94,
98,
],
'desktop:app/src/ui/lib/update-store.ts':[
38,
90,
96,
101,
107,
113,
],
'desktop:app/src/ui/lib/vertical-segmented-control/segmented-item.tsx':[
42,
],
'desktop:app/src/ui/lib/vertical-segmented-control/vertical-segmented-control.tsx':[
100,
124,
138,
142,
],
'desktop:app/src/ui/list.tsx':[
201,
243,
270,
285,
320,
436,
440,
534,
538,
624,
645,
653,
659,
],
'desktop:app/src/ui/merge-branch/merge.tsx':[
77,
86,
166,
],
'desktop:app/src/ui/missing-repository.tsx':[
58,
62,
66,
],
'desktop:app/src/ui/preferences/accounts.tsx':[
61,
65,
91,
],
'desktop:app/src/ui/preferences/advanced.tsx':[
30,
37,
],
'desktop:app/src/ui/preferences/git.tsx':[
16,
20,
],
'desktop:app/src/ui/preferences/preferences.tsx':[
103,
108,
113,
148,
152,
156,
160,
183,
192,
],
'desktop:app/src/ui/publish-repository/publish-repository.tsx':[
62,
66,
70,
74,
],
'desktop:app/src/ui/publish-repository/publish.tsx':[
113,
167,
171,
175,
203,
],
'desktop:app/src/ui/remove-repository/confirm-remove-repository.tsx':[
19,
23,
],
'desktop:app/src/ui/rename-branch/index.tsx':[
68,
74,
78,
82,
],
'desktop:app/src/ui/repositories-list/index.tsx':[
28,
49,
54,
58,
],
'desktop:app/src/ui/repositories-list/repository-list-item.tsx':[
38,
],
'desktop:app/src/ui/repository-settings/git-ignore.tsx':[
34,
],
'desktop:app/src/ui/repository-settings/remote.tsx':[
26,
],
'desktop:app/src/ui/repository-settings/repository-settings.tsx':[
140,
144,
148,
184,
196,
200,
],
'desktop:app/src/ui/repository.tsx':[
103,
107,
162,
177,
],
'desktop:app/src/ui/resizable/persisting-resizable.tsx':[
60,
94,
99,
],
'desktop:app/src/ui/resizable/resizable.tsx':[
76,
87,
103,
114,
],
'desktop:app/src/ui/sign-in/sign-in.tsx':[
57,
88,
92,
96,
100,
104,
],
'desktop:app/src/ui/tab-bar.tsx':[
24,
55,
],
'desktop:app/src/ui/terms-and-conditions/terms-and-conditions.tsx':[
17,
21,
],
'desktop:app/src/ui/toolbar/branch-dropdown.tsx':[
36,
55,
],
'desktop:app/src/ui/toolbar/button.tsx':[
107,
113,
],
'desktop:app/src/ui/toolbar/dropdown.tsx':[
160,
205,
243,
262,
],
'desktop:app/src/ui/toolbar/push-pull-button.tsx':[
140,
],
'desktop:app/src/ui/untrusted-certificate/untrusted-certificate.tsx':[
69,
],
'desktop:app/src/ui/updates/update-available.tsx':[
41,
45,
],
'desktop:app/src/ui/welcome/configure-git.tsx':[
29,
33,
],
'desktop:app/src/ui/welcome/sign-in-dot-com.tsx':[
41,
],
'desktop:app/src/ui/welcome/sign-in-enterprise.tsx':[
38,
],
'desktop:app/src/ui/welcome/start.tsx':[
50,
54,
58,
],
'desktop:app/src/ui/welcome/usage-opt-out.tsx':[
47,
52,
56,
],
'desktop:app/src/ui/welcome/welcome.tsx':[
135,
146,
],
'desktop:app/src/ui/window/window-controls.tsx':[
45,
49,
53,
57,
61,
],
}
