{
'es5-shim:tests/spec/s-array.js':[
806,
813,
868,
1669,
1670,
1679,
1680,
1689,
1773,
1774,
1783,
1784,
1793,
],
}
