{
'ant-design:components/notification/index.tsx':[
73,
],
'ant-design:components/table/Table.tsx':[
541,
],
}
