{
'ant-design:components/icon/index.tsx':[
1,
],
}
