{
'emission:src/lib/components/artist/shows/small_list.tsx':[
40,
],
'emission:src/lib/containers/works_for_you.tsx':[
167,
],
}
