{
'qunit:reporter/diff.js':[
439,
],
'qunit:reporter/html.js':[
165,
173,
229,
],
'qunit:src/module.js':[
60,
],
'qunit:src/test.js':[
873,
],
'qunit:test/logs.js':[
16,
21,
31,
36,
41,
46,
51,
56,
],
}
