{
'angular.js:src/ng/compile.js':[
4202,
],
'angular.js:src/ng/sce.js':[
301,
304,
],
'angular.js:src/ngMessageFormat/messageFormatInterpolationParts.js':[
26,
38,
50,
57,
65,
75,
107,
123,
129,
],
'angular.js:src/ngMessageFormat/messageFormatParser.js':[
75,
80,
92,
102,
107,
115,
126,
132,
139,
163,
174,
183,
197,
210,
216,
225,
232,
242,
255,
273,
290,
315,
345,
350,
373,
380,
386,
396,
420,
448,
],
'angular.js:src/ngMessageFormat/messageFormatSelector.js':[
31,
35,
39,
60,
68,
73,
91,
110,
],
'angular.js:src/ngResource/resource.js':[
700,
],
'angular.js:test/auto/injectorSpec.js':[
773,
787,
1133,
],
'angular.js:test/helpers/matchers.js':[
452,
455,
463,
482,
485,
],
'angular.js:test/ng/compileSpec.js':[
1446,
2410,
4376,
4407,
4409,
4411,
4439,
4442,
4476,
4477,
4478,
4567,
4640,
4665,
4689,
4713,
4737,
4777,
4935,
4937,
4978,
4985,
5020,
5051,
7286,
7345,
7790,
7919,
],
'angular.js:test/ng/directive/ngHrefSpec.js':[
98,
108,
],
'angular.js:test/ng/directive/ngRepeatSpec.js':[
604,
],
'angular.js:test/ng/logSpec.js':[
172,
],
'angular.js:test/ng/parseSpec.js':[
2271,
2284,
2287,
],
}
