{
'javascript-test-sources:src/ecmascript6/Ghost/core/client/app/assets/lib/uploader.js':[
8,
],
'javascript-test-sources:src/ecmascript6/Ghost/core/client/app/components/gh-popover-button.js':[
8,
],
'javascript-test-sources:src/ecmascript6/Ghost/core/client/app/components/gh-select-native.js':[
6,
],
'javascript-test-sources:src/ecmascript6/Ghost/core/client/app/controllers/editor/new.js':[
6,
],
'javascript-test-sources:src/ecmascript6/Ghost/core/client/app/mirage/factories/post.js':[
14,
15,
16,
17,
18,
19,
20,
21,
22,
],
'javascript-test-sources:src/ecmascript6/Ghost/core/client/app/mirage/factories/role.js':[
5,
6,
9,
10,
],
'javascript-test-sources:src/ecmascript6/Ghost/core/client/app/mirage/factories/setting.js':[
9,
10,
11,
12,
],
'javascript-test-sources:src/ecmascript6/Ghost/core/client/app/mirage/factories/tag.js':[
5,
6,
10,
11,
15,
16,
],
'javascript-test-sources:src/ecmascript6/Ghost/core/client/app/mirage/factories/user.js':[
8,
9,
13,
15,
16,
21,
22,
],
'javascript-test-sources:src/ecmascript6/Ghost/core/client/app/mixins/body-event-listener.js':[
5,
],
'javascript-test-sources:src/ecmascript6/Ghost/core/client/app/routes/application.js':[
14,
],
'javascript-test-sources:src/ecmascript6/Ghost/core/client/tests/unit/controllers/post-settings-menu-test.js':[
10,
],
'javascript-test-sources:src/ecmascript6/Ghost/core/server/apps/dependencies.js':[
9,
],
'javascript-test-sources:src/ecmascript6/Ghost/core/server/apps/permissions.js':[
7,
],
'javascript-test-sources:src/ecmascript6/Ghost/core/server/apps/proxy.js':[
86,
],
'javascript-test-sources:src/ecmascript6/Ghost/core/server/apps/sandbox.js':[
7,
],
'javascript-test-sources:src/ecmascript6/Ghost/core/server/config/index.js':[
24,
],
'javascript-test-sources:src/ecmascript6/Ghost/core/server/data/importer/index.js':[
32,
],
'javascript-test-sources:src/ecmascript6/Ghost/core/server/data/xml/sitemap/base-generator.js':[
20,
],
'javascript-test-sources:src/ecmascript6/Ghost/core/server/data/xml/sitemap/index-generator.js':[
17,
],
'javascript-test-sources:src/ecmascript6/Ghost/core/server/data/xml/sitemap/page-generator.js':[
7,
],
'javascript-test-sources:src/ecmascript6/Ghost/core/server/data/xml/sitemap/post-generator.js':[
7,
],
'javascript-test-sources:src/ecmascript6/Ghost/core/server/data/xml/sitemap/tag-generator.js':[
7,
],
'javascript-test-sources:src/ecmascript6/Ghost/core/server/data/xml/sitemap/user-generator.js':[
8,
],
'javascript-test-sources:src/ecmascript6/Ghost/core/server/errors/bad-request-error.js':[
4,
],
'javascript-test-sources:src/ecmascript6/Ghost/core/server/errors/data-import-error.js':[
4,
],
'javascript-test-sources:src/ecmascript6/Ghost/core/server/errors/email-error.js':[
4,
],
'javascript-test-sources:src/ecmascript6/Ghost/core/server/errors/internal-server-error.js':[
4,
],
'javascript-test-sources:src/ecmascript6/Ghost/core/server/errors/method-not-allowed-error.js':[
4,
],
'javascript-test-sources:src/ecmascript6/Ghost/core/server/errors/no-permission-error.js':[
4,
],
'javascript-test-sources:src/ecmascript6/Ghost/core/server/errors/not-found-error.js':[
4,
],
'javascript-test-sources:src/ecmascript6/Ghost/core/server/errors/request-too-large-error.js':[
4,
],
'javascript-test-sources:src/ecmascript6/Ghost/core/server/errors/too-many-requests-error.js':[
4,
],
'javascript-test-sources:src/ecmascript6/Ghost/core/server/errors/unauthorized-error.js':[
4,
],
'javascript-test-sources:src/ecmascript6/Ghost/core/server/errors/unsupported-media-type-error.js':[
4,
],
'javascript-test-sources:src/ecmascript6/Ghost/core/server/errors/validation-error.js':[
4,
],
'javascript-test-sources:src/ecmascript6/Ghost/core/server/filters.js':[
18,
],
'javascript-test-sources:src/ecmascript6/Ghost/core/server/ghost-server.js':[
15,
],
'javascript-test-sources:src/ecmascript6/Ghost/core/server/helpers/ghost_head.js':[
74,
],
'javascript-test-sources:src/ecmascript6/Ghost/core/server/helpers/meta_description.js':[
11,
],
'javascript-test-sources:src/ecmascript6/Ghost/core/server/helpers/meta_title.js':[
11,
],
'javascript-test-sources:src/ecmascript6/Ghost/core/server/mail/index.js':[
10,
],
'javascript-test-sources:src/ecmascript6/Ghost/core/server/models/post.js':[
274,
278,
282,
],
'javascript-test-sources:src/ecmascript6/Ghost/core/server/storage/base.js':[
4,
],
'javascript-test-sources:src/ecmascript6/Ghost/core/server/storage/local-file-store.js':[
14,
],
'javascript-test-sources:src/ecmascript6/Ghost/core/test/utils/fixtures/app/badinstall.js':[
1,
],
'javascript-test-sources:src/ecmascript6/Ghost/core/test/utils/fixtures/app/badoutside.js':[
3,
],
'javascript-test-sources:src/ecmascript6/Ghost/core/test/utils/fixtures/app/badrequire.js':[
3,
],
'javascript-test-sources:src/ecmascript6/Ghost/core/test/utils/fixtures/app/badtop.js':[
3,
],
'javascript-test-sources:src/ecmascript6/Ghost/core/test/utils/fixtures/app/good.js':[
5,
],
'javascript-test-sources:src/ecmascript6/Ghost/core/test/utils/index.js':[
392,
398,
],
'javascript-test-sources:src/ecmascript6/ecmascript6-today/7-rest-params/js/rest-spread.js':[
1,
4,
],
'javascript-test-sources:src/ecmascript6/expressionist.js/test/parser.spec.js':[
399,
],
'javascript-test-sources:src/ecmascript6/redux/examples/todomvc/components/MainSection.js':[
7,
8,
9,
],
'javascript-test-sources:src/ecmascript6/redux/test/createStore.spec.js':[
309,
],
'javascript-test-sources:src/ecmascript6/redux/test/utils/isPlainObject.spec.js':[
7,
],
'javascript-test-sources:src/ecmascript6/router/examples/hello/jsonp.js':[
1,
],
'javascript-test-sources:src/ecmascript6/router/examples/http.js':[
1,
],
'javascript-test-sources:src/ecmascript6/router/third_party/brick/brick-1.0.1.byob.js':[
9,
73,
170,
220,
263,
288,
298,
1833,
2133,
3891,
3895,
],
'javascript-test-sources:src/ecmascript6/router/third_party/route-recognizer.js':[
31,
51,
66,
81,
134,
270,
275,
316,
528,
552,
],
'javascript-test-sources:src/ecmascript6/snoode/src/endpoints/v1.es6.js':[
28,
],
'javascript-test-sources:src/ecmascript6/sonar-web/src/main/js/components/workspace/main.js':[
11,
],
'javascript-test-sources:src/ecmascript6/sonar-web/src/main/js/widgets/old/base.js':[
9,
],
'javascript-test-sources:src/ecmascript6/sonar-web/src/main/js/widgets/old/histogram.js':[
3,
],
'javascript-test-sources:src/ecmascript6/sonar-web/src/main/js/widgets/old/tag-cloud.js':[
3,
],
'javascript-test-sources:src/ecmascript6/sonar-web/src/main/js/widgets/old/treemap.js':[
6,
],
'javascript-test-sources:src/ecmascript6/sonar-web/src/main/js/widgets/old/word-cloud.js':[
3,
],
'javascript-test-sources:src/ecmascript6/sonar-web/tests/apps/overview/components/timeline-chart-test.js':[
22,
],
'javascript-test-sources:src/ecmascript6/templating/src/lib/compiler/selector_config.js':[
3,
],
'javascript-test-sources:src/ecmascript6/templating/src/lib/util/global.js':[
1,
],
'javascript-test-sources:src/ecmascript6/templating/test/lib/dom_mocks.js':[
1,
34,
],
'javascript-test-sources:src/ecmascript6/watchtower.js/src/dirty_checking.js':[
730,
759,
766,
783,
814,
818,
844,
860,
],
}
