{
'javascript-test-sources:src/ecmascript6/ecmascript6-today/7-rest-params/js/rest-spread.js':[
9,
],
'javascript-test-sources:src/ecmascript6/http/gulpfile.js':[
62,
],
'javascript-test-sources:src/ecmascript6/router/src/activation.js':[
44,
],
'javascript-test-sources:src/ecmascript6/router/src/router.js':[
168,
],
'javascript-test-sources:src/ecmascript6/router/third_party/brick/brick-1.0.1.byob.js':[
74,
174,
923,
974,
1059,
1489,
1502,
],
'javascript-test-sources:src/ecmascript6/router/third_party/route-recognizer.js':[
295,
],
'javascript-test-sources:src/ecmascript6/router/utils/requirejs_module_ce.js':[
38,
],
'javascript-test-sources:src/ecmascript6/sonar-web/src/main/js/components/navigator/filters/choice-filters.js':[
211,
],
'javascript-test-sources:src/ecmascript6/sonar-web/src/main/js/components/source-viewer/source.js':[
31,
35,
],
'javascript-test-sources:src/ecmascript6/watchtower.js/gulpfile.js':[
47,
],
'javascript-test-sources:src/ecmascript6/watchtower.js/test/matchers.js':[
107,
120,
],
'javascript-test-sources:src/ecmascript6/watchtower.js/test/watchgroup.spec.js':[
739,
757,
777,
786,
805,
816,
],
'javascript-test-sources:src/file-for-rules/S2123.js':[
2,
],
}
