{
'javascript-test-sources:src/ecmascript6/Ghost/core/server/helpers/body_class.js':[
13,
],
'javascript-test-sources:src/ecmascript6/Ghost/core/server/helpers/ghost_foot.js':[
13,
],
'javascript-test-sources:src/ecmascript6/Ghost/core/server/helpers/input_password.js':[
11,
],
'javascript-test-sources:src/ecmascript6/Ghost/core/server/helpers/page_url.js':[
15,
],
'javascript-test-sources:src/ecmascript6/Ghost/core/server/helpers/post_class.js':[
11,
],
'javascript-test-sources:src/ecmascript6/Ghost/core/test/utils/fixtures/data-generator.js':[
239,
241,
244,
275,
],
'javascript-test-sources:src/ecmascript6/ecmascript6-today/10-modules/js/circle.js':[
3,
],
'javascript-test-sources:src/ecmascript6/ecmascript6-today/10-modules/js/main.js':[
3,
],
'javascript-test-sources:src/ecmascript6/ecmascript6-today/7-rest-params/js/rest-spread.js':[
1,
4,
],
'javascript-test-sources:src/ecmascript6/http/test/Http.spec.js':[
13,
],
'javascript-test-sources:src/ecmascript6/reddit-mobile/src/server/oauth.es6.js':[
186,
],
'javascript-test-sources:src/ecmascript6/router/third_party/route-recognizer.js':[
1,
],
'javascript-test-sources:src/ecmascript6/sonar-web/src/main/js/libs/application.js':[
167,
],
'javascript-test-sources:src/ecmascript6/watchtower.js/src/watch_record.js':[
326,
],
}
