{
'underscore:karma.conf-sauce.js':[
37,
77,
],
'underscore:test/arrays.js':[
320,
396,
],
'underscore:test/chaining.js':[
96,
],
'underscore:test/collections.js':[
84,
85,
86,
87,
92,
125,
132,
142,
],
'underscore:test/functions.js':[
9,
19,
21,
28,
54,
98,
99,
110,
111,
603,
604,
625,
626,
],
'underscore:test/utility.js':[
36,
39,
142,
144,
145,
147,
150,
151,
],
'underscore:underscore.js':[
817,
1220,
1220,
1327,
1328,
1484,
1488,
1519,
1550,
1562,
1576,
1578,
1580,
1589,
1591,
1609,
],
}
