{
'knockout:Gruntfile.js':[
85,
86,
87,
88,
89,
93,
116,
169,
185,
186,
188,
189,
],
'knockout:build/knockout-raw.js':[
13,
21,
25,
],
'knockout:spec/arrayToDomEditDetectionBehaviors.js':[
17,
18,
48,
49,
191,
196,
215,
220,
],
'knockout:spec/asyncBehaviors.js':[
1068,
1069,
1090,
1091,
1150,
1175,
1178,
1181,
1184,
1187,
1190,
1193,
1196,
1326,
],
'knockout:spec/bindingAttributeBehaviors.js':[
68,
158,
161,
],
'knockout:spec/bindingPreprocessingBehaviors.js':[
11,
20,
27,
31,
50,
54,
65,
71,
],
'knockout:spec/components/componentBindingBehaviors.js':[
257,
290,
318,
342,
366,
377,
602,
652,
788,
899,
],
'knockout:spec/components/defaultLoaderBehaviors.js':[
97,
447,
481,
],
'knockout:spec/defaultBindings/checkedBehaviors.js':[
237,
272,
293,
325,
327,
340,
363,
401,
431,
466,
],
'knockout:spec/defaultBindings/foreachBehaviors.js':[
235,
],
'knockout:spec/defaultBindings/hasfocusBehaviors.js':[
2,
9,
25,
50,
66,
87,
],
'knockout:spec/defaultBindings/selectedOptionsBehaviors.js':[
116,
116,
],
'knockout:spec/dependentObservableBehaviors.js':[
273,
274,
],
'knockout:spec/expressionRewritingBehaviors.js':[
117,
155,
161,
170,
180,
],
'knockout:spec/lib/innershiv.js':[
4,
19,
],
'knockout:spec/lib/jasmine-1.2.0/jasmine-html.js':[
96,
247,
254,
264,
270,
278,
279,
285,
288,
293,
313,
336,
344,
373,
378,
409,
420,
486,
487,
529,
530,
533,
542,
547,
557,
558,
561,
],
'knockout:spec/lib/jasmine-1.2.0/jasmine-tap.js':[
36,
64,
69,
81,
],
'knockout:spec/lib/jasmine-1.2.0/jasmine.js':[
162,
440,
675,
678,
760,
762,
764,
886,
891,
897,
1185,
1186,
1190,
1311,
1316,
1317,
1338,
1343,
1344,
1360,
1366,
1367,
1371,
1372,
1387,
1392,
1393,
1468,
1502,
1521,
1524,
1532,
1862,
1870,
1872,
1914,
2162,
2343,
2347,
2351,
2400,
2465,
2495,
2509,
],
'knockout:spec/lib/jasmine.extensions.js':[
109,
110,
119,
120,
142,
],
'knockout:spec/lib/json2.js':[
170,
178,
218,
221,
221,
223,
307,
308,
310,
346,
346,
347,
440,
441,
468,
],
'knockout:spec/lib/loadDependencies.js':[
3,
55,
],
'knockout:spec/memoizationBehaviors.js':[
41,
51,
],
'knockout:spec/nodePreprocessingBehaviors.js':[
112,
],
'knockout:spec/parseHtmlFragment.js':[
34,
38,
],
'knockout:spec/pureComputedBehaviors.js':[
322,
],
'knockout:spec/runner.node.js':[
23,
65,
67,
71,
],
'knockout:spec/runner.phantom.js':[
82,
82,
96,
],
'knockout:spec/templatingBehaviors.js':[
39,
57,
81,
133,
152,
167,
179,
883,
1071,
],
'knockout:src/binding/bindingAttributeSyntax.js':[
303,
370,
510,
527,
],
'knockout:src/binding/bindingProvider.js':[
49,
68,
],
'knockout:src/binding/defaultBindings/event.js':[
42,
],
'knockout:src/binding/defaultBindings/style.js':[
26,
],
'knockout:src/binding/defaultBindings/uniqueName.js':[
4,
],
'knockout:src/binding/expressionRewriting.js':[
13,
35,
129,
134,
136,
151,
],
'knockout:src/components/componentBinding.js':[
56,
91,
],
'knockout:src/components/customElements.js':[
8,
],
'knockout:src/components/defaultLoader.js':[
17,
21,
123,
126,
129,
155,
214,
],
'knockout:src/memoization.js':[
30,
36,
],
'knockout:src/tasks.js':[
47,
],
'knockout:src/templating/jquery.tmpl/jqueryTmplTemplateEngine.js':[
40,
57,
61,
],
'knockout:src/templating/templateEngine.js':[
44,
50,
],
'knockout:src/templating/templateRewriting.js':[
18,
33,
],
'knockout:src/templating/templateSources.js':[
66,
],
'knockout:src/templating/templating.js':[
104,
186,
],
'knockout:src/utils.domData.js':[
4,
35,
],
'knockout:src/utils.domManipulation.js':[
45,
],
'knockout:src/utils.js':[
53,
391,
427,
469,
470,
541,
],
'knockout:src/virtualElements.js':[
51,
155,
172,
],
}
