{
'knockout:spec/bindingAttributeBehaviors.js':[
517,
],
'knockout:spec/bindingDependencyBehaviors.js':[
142,
365,
434,
],
'knockout:spec/components/componentBindingBehaviors.js':[
3,
112,
192,
265,
265,
437,
438,
476,
],
'knockout:spec/components/customElementBehaviors.js':[
10,
62,
],
'knockout:spec/components/defaultLoaderBehaviors.js':[
141,
319,
],
'knockout:spec/components/loaderRegistryBehaviors.js':[
272,
],
'knockout:spec/defaultBindings/attrBehaviors.js':[
5,
],
'knockout:spec/defaultBindings/checkedBehaviors.js':[
26,
73,
90,
123,
123,
],
'knockout:spec/defaultBindings/foreachBehaviors.js':[
21,
22,
25,
166,
167,
216,
336,
473,
],
'knockout:spec/defaultBindings/hasfocusBehaviors.js':[
9,
],
'knockout:spec/defaultBindings/ifBehaviors.js':[
17,
],
'knockout:spec/defaultBindings/ifnotBehaviors.js':[
17,
],
'knockout:spec/defaultBindings/optionsBehaviors.js':[
277,
],
'knockout:spec/defaultBindings/textInputBehaviors.js':[
30,
50,
],
'knockout:spec/defaultBindings/usingBehaviors.js':[
58,
237,
],
'knockout:spec/defaultBindings/valueBehaviors.js':[
30,
50,
],
'knockout:spec/defaultBindings/withBehaviors.js':[
14,
94,
486,
],
'knockout:spec/lib/jasmine-1.2.0/jasmine.js':[
1311,
1316,
],
'knockout:spec/nativeTemplateEngineBehaviors.js':[
36,
],
'knockout:spec/nodePreprocessingBehaviors.js':[
45,
],
'knockout:spec/parseHtmlFragment.js':[
18,
],
'knockout:spec/templatingBehaviors.js':[
194,
195,
207,
221,
222,
264,
632,
905,
913,
1185,
],
'knockout:spec/utilsBehaviors.js':[
52,
61,
],
}
