{
'knockout:Gruntfile.js':[
17,
21,
23,
28,
32,
36,
38,
40,
89,
113,
],
'knockout:build/fragments/source-references.js':[
59,
],
'knockout:spec/arrayEditDetectionBehaviors.js':[
23,
36,
51,
72,
88,
],
'knockout:spec/asyncBehaviors.js':[
480,
489,
563,
581,
941,
950,
],
'knockout:spec/asyncBindingBehaviors.js':[
13,
108,
166,
190,
218,
],
'knockout:spec/bindingAttributeBehaviors.js':[
9,
26,
41,
66,
78,
113,
123,
140,
160,
189,
203,
220,
239,
292,
407,
454,
471,
487,
586,
589,
597,
],
'knockout:spec/bindingDependencyBehaviors.js':[
9,
28,
43,
75,
97,
109,
124,
131,
160,
163,
176,
192,
210,
213,
232,
258,
271,
297,
308,
416,
445,
473,
505,
],
'knockout:spec/bindingPreprocessingBehaviors.js':[
6,
18,
25,
42,
48,
64,
],
'knockout:spec/components/componentBindingBehaviors.js':[
83,
84,
124,
149,
171,
181,
201,
207,
220,
245,
255,
277,
288,
312,
318,
333,
340,
372,
377,
396,
417,
458,
463,
534,
539,
544,
545,
568,
569,
597,
637,
701,
725,
744,
852,
894,
899,
916,
935,
939,
959,
963,
981,
985,
],
'knockout:spec/components/customElementBehaviors.js':[
15,
33,
51,
128,
153,
166,
193,
214,
243,
249,
296,
370,
386,
392,
434,
437,
475,
476,
479,
493,
496,
523,
],
'knockout:spec/components/defaultLoaderBehaviors.js':[
83,
128,
131,
132,
183,
194,
212,
228,
414,
],
'knockout:spec/components/loaderRegistryBehaviors.js':[
11,
19,
25,
33,
37,
88,
99,
110,
132,
134,
156,
158,
172,
192,
277,
280,
],
'knockout:spec/crossWindowBehaviors.js':[
31,
43,
],
'knockout:spec/defaultBindings/attrBehaviors.js':[
21,
],
'knockout:spec/defaultBindings/checkedBehaviors.js':[
164,
230,
],
'knockout:spec/defaultBindings/clickBehaviors.js':[
8,
],
'knockout:spec/defaultBindings/eventBehaviors.js':[
17,
46,
58,
],
'knockout:spec/defaultBindings/foreachBehaviors.js':[
22,
67,
115,
147,
160,
236,
252,
384,
386,
408,
431,
433,
460,
463,
498,
594,
607,
656,
749,
841,
918,
],
'knockout:spec/defaultBindings/ifBehaviors.js':[
234,
],
'knockout:spec/defaultBindings/ifnotBehaviors.js':[
189,
],
'knockout:spec/defaultBindings/optionsBehaviors.js':[
22,
33,
43,
54,
64,
103,
117,
259,
],
'knockout:spec/defaultBindings/selectedOptionsBehaviors.js':[
161,
],
'knockout:spec/defaultBindings/textBehaviors.js':[
63,
66,
74,
],
'knockout:spec/defaultBindings/textInputBehaviors.js':[
60,
141,
],
'knockout:spec/defaultBindings/usingBehaviors.js':[
23,
81,
83,
85,
86,
],
'knockout:spec/defaultBindings/valueBehaviors.js':[
60,
121,
566,
722,
778,
],
'knockout:spec/defaultBindings/withBehaviors.js':[
65,
117,
119,
121,
122,
162,
164,
166,
167,
447,
561,
679,
],
'knockout:spec/dependentObservableBehaviors.js':[
41,
67,
83,
107,
122,
133,
381,
391,
639,
],
'knockout:spec/dependentObservableDomBehaviors.js':[
33,
51,
],
'knockout:spec/expressionRewritingBehaviors.js':[
29,
55,
114,
210,
225,
],
'knockout:spec/jsonPostingBehaviors.js':[
54,
],
'knockout:spec/lib/jasmine-1.2.0/jasmine-html.js':[
189,
337,
345,
562,
],
'knockout:spec/lib/jasmine-1.2.0/jasmine-tap.js':[
88,
],
'knockout:spec/lib/jasmine-1.2.0/jasmine.js':[
847,
867,
1062,
1095,
1122,
1123,
1130,
1201,
1317,
1344,
1367,
1372,
1393,
1617,
1667,
1680,
1736,
2254,
2512,
2530,
],
'knockout:spec/lib/json2.js':[
204,
],
'knockout:spec/lib/loadDependencies.js':[
14,
18,
29,
31,
33,
],
'knockout:spec/mappingHelperBehaviors.js':[
34,
36,
74,
96,
120,
135,
163,
],
'knockout:spec/nativeTemplateEngineBehaviors.js':[
96,
107,
144,
146,
187,
189,
191,
],
'knockout:spec/nodePreprocessingBehaviors.js':[
52,
113,
127,
],
'knockout:spec/observableArrayChangeTrackingBehaviors.js':[
16,
36,
52,
72,
81,
100,
108,
125,
127,
135,
136,
142,
149,
150,
156,
163,
165,
173,
178,
187,
189,
206,
209,
217,
219,
227,
231,
243,
247,
265,
274,
289,
328,
356,
368,
371,
458,
459,
468,
469,
500,
522,
543,
553,
],
'knockout:spec/observableBehaviors.js':[
34,
55,
306,
],
'knockout:spec/observableUtilsBehaviors.js':[
91,
],
'knockout:spec/onErrorBehaviors.js':[
57,
77,
],
'knockout:spec/parseHtmlFragment.js':[
30,
],
'knockout:spec/pureComputedBehaviors.js':[
19,
34,
],
'knockout:spec/runner.node.js':[
55,
],
'knockout:spec/subscribableBehaviors.js':[
36,
],
'knockout:spec/templatingBehaviors.js':[
15,
132,
166,
195,
277,
292,
307,
334,
346,
364,
431,
439,
443,
462,
465,
476,
498,
507,
521,
529,
531,
549,
552,
582,
686,
859,
863,
881,
971,
973,
986,
1018,
1029,
1035,
1037,
1039,
1059,
1086,
1158,
1170,
1185,
1199,
1210,
1224,
],
'knockout:src/binding/bindingAttributeSyntax.js':[
18,
242,
536,
],
'knockout:src/binding/bindingProvider.js':[
44,
],
'knockout:src/binding/defaultBindings/attr.js':[
3,
],
'knockout:src/binding/defaultBindings/checked.js':[
5,
125,
],
'knockout:src/binding/defaultBindings/css.js':[
3,
12,
],
'knockout:src/binding/defaultBindings/enableDisable.js':[
2,
12,
],
'knockout:src/binding/defaultBindings/event.js':[
5,
17,
],
'knockout:src/binding/defaultBindings/foreach.js':[
27,
34,
],
'knockout:src/binding/defaultBindings/hasfocus.js':[
42,
],
'knockout:src/binding/defaultBindings/html.js':[
6,
],
'knockout:src/binding/defaultBindings/ifIfnotWith.js':[
6,
],
'knockout:src/binding/defaultBindings/let.js':[
2,
],
'knockout:src/binding/defaultBindings/options.js':[
15,
],
'knockout:src/binding/defaultBindings/selectedOptions.js':[
42,
],
'knockout:src/binding/defaultBindings/style.js':[
2,
],
'knockout:src/binding/defaultBindings/submit.js':[
2,
],
'knockout:src/binding/defaultBindings/text.js':[
7,
],
'knockout:src/binding/defaultBindings/textInput.js':[
50,
198,
],
'knockout:src/binding/defaultBindings/uniqueName.js':[
2,
],
'knockout:src/binding/defaultBindings/using.js':[
2,
],
'knockout:src/binding/defaultBindings/value.js':[
128,
],
'knockout:src/binding/defaultBindings/visibleHidden.js':[
2,
13,
],
'knockout:src/binding/editDetection/arrayToDomNodeChildren.js':[
94,
],
'knockout:src/binding/expressionRewriting.js':[
39,
181,
],
'knockout:src/binding/selectExtensions.js':[
23,
],
'knockout:src/components/componentBinding.js':[
5,
62,
67,
],
'knockout:src/components/customElements.js':[
67,
],
'knockout:src/components/defaultLoader.js':[
55,
],
'knockout:src/components/loaderRegistry.js':[
29,
],
'knockout:src/memoization.js':[
59,
],
'knockout:src/options.js':[
5,
],
'knockout:src/subscribables/dependencyDetection.js':[
63,
],
'knockout:src/subscribables/dependentObservable.js':[
34,
218,
295,
302,
399,
473,
482,
495,
],
'knockout:src/subscribables/extenders.js':[
14,
69,
],
'knockout:src/subscribables/mappingHelpers.js':[
88,
],
'knockout:src/subscribables/observable.js':[
50,
],
'knockout:src/subscribables/observableArray.js':[
99,
],
'knockout:src/subscribables/subscribable.js':[
185,
],
'knockout:src/tasks.js':[
99,
],
'knockout:src/templating/jquery.tmpl/jqueryTmplTemplateEngine.js':[
66,
70,
],
'knockout:src/templating/templateRewriting.js':[
53,
],
'knockout:src/templating/templating.js':[
183,
289,
327,
],
'knockout:src/utils.domData.js':[
67,
],
'knockout:src/utils.domManipulation.js':[
15,
],
'knockout:src/utils.domNodeDisposal.js':[
91,
],
'knockout:src/utils.js':[
553,
],
'knockout:src/virtualElements.js':[
188,
],
}
