{
'knockout:spec/defaultBindings/attrBehaviors.js':[
31,
],
'knockout:spec/defaultBindings/cssBehaviors.js':[
79,
],
'knockout:spec/jsonPostingBehaviors.js':[
4,
6,
15,
20,
53,
],
'knockout:spec/lib/loadDependencies.js':[
12,
17,
],
}
