{
'knockout:build/fragments/source-references.js':[
1,
],
'knockout:spec/arrayEditDetectionBehaviors.js':[
5,
],
'knockout:spec/arrayToDomEditDetectionBehaviors.js':[
21,
21,
],
'knockout:spec/asyncBehaviors.js':[
5,
],
'knockout:spec/asyncBindingBehaviors.js':[
8,
27,
],
'knockout:spec/bindingAttributeBehaviors.js':[
5,
15,
],
'knockout:spec/bindingDependencyBehaviors.js':[
5,
11,
],
'knockout:spec/bindingPreprocessingBehaviors.js':[
3,
],
'knockout:spec/components/componentBindingBehaviors.js':[
14,
18,
],
'knockout:spec/components/customElementBehaviors.js':[
8,
18,
],
'knockout:spec/components/defaultLoaderBehaviors.js':[
6,
],
'knockout:spec/components/loaderRegistryBehaviors.js':[
43,
],
'knockout:spec/crossWindowBehaviors.js':[
18,
18,
],
'knockout:spec/defaultBindings/attrBehaviors.js':[
6,
7,
],
'knockout:spec/defaultBindings/checkedBehaviors.js':[
6,
8,
],
'knockout:spec/defaultBindings/clickBehaviors.js':[
14,
15,
],
'knockout:spec/defaultBindings/cssBehaviors.js':[
6,
8,
],
'knockout:spec/defaultBindings/enableDisableBehaviors.js':[
5,
6,
],
'knockout:spec/defaultBindings/eventBehaviors.js':[
26,
27,
],
'knockout:spec/defaultBindings/foreachBehaviors.js':[
5,
7,
],
'knockout:spec/defaultBindings/hasfocusBehaviors.js':[
1,
9,
],
'knockout:spec/defaultBindings/htmlBehaviors.js':[
6,
7,
],
'knockout:spec/defaultBindings/ifBehaviors.js':[
5,
7,
],
'knockout:spec/defaultBindings/ifnotBehaviors.js':[
5,
7,
],
'knockout:spec/defaultBindings/letBehaviors.js':[
5,
6,
],
'knockout:spec/defaultBindings/optionsBehaviors.js':[
6,
7,
],
'knockout:spec/defaultBindings/selectedOptionsBehaviors.js':[
6,
7,
],
'knockout:spec/defaultBindings/styleBehaviors.js':[
5,
6,
],
'knockout:spec/defaultBindings/submitBehaviors.js':[
7,
9,
],
'knockout:spec/defaultBindings/textBehaviors.js':[
6,
7,
],
'knockout:spec/defaultBindings/textInputBehaviors.js':[
5,
6,
],
'knockout:spec/defaultBindings/uniqueNameBehaviors.js':[
5,
6,
],
'knockout:spec/defaultBindings/usingBehaviors.js':[
5,
7,
],
'knockout:spec/defaultBindings/valueBehaviors.js':[
5,
6,
],
'knockout:spec/defaultBindings/visibleHiddenBehaviors.js':[
5,
6,
],
'knockout:spec/defaultBindings/withBehaviors.js':[
5,
7,
],
'knockout:spec/dependentObservableBehaviors.js':[
4,
],
'knockout:spec/dependentObservableDomBehaviors.js':[
8,
27,
],
'knockout:spec/domNodeDisposalBehaviors.js':[
7,
7,
],
'knockout:spec/expressionRewritingBehaviors.js':[
5,
],
'knockout:spec/extenderBehaviors.js':[
4,
],
'knockout:spec/jsonPostingBehaviors.js':[
4,
],
'knockout:spec/lib/jasmine-1.2.0/jasmine-tap.js':[
6,
],
'knockout:spec/lib/jasmine.extensions.js':[
8,
],
'knockout:spec/mappingHelperBehaviors.js':[
5,
],
'knockout:spec/memoizationBehaviors.js':[
4,
],
'knockout:spec/nativeTemplateEngineBehaviors.js':[
21,
21,
],
'knockout:spec/nodePreprocessingBehaviors.js':[
5,
14,
],
'knockout:spec/observableArrayBehaviors.js':[
4,
],
'knockout:spec/observableArrayChangeTrackingBehaviors.js':[
4,
],
'knockout:spec/observableBehaviors.js':[
4,
],
'knockout:spec/observableUtilsBehaviors.js':[
3,
],
'knockout:spec/onErrorBehaviors.js':[
8,
58,
],
'knockout:spec/parseHtmlFragment.js':[
6,
81,
],
'knockout:spec/pureComputedBehaviors.js':[
4,
],
'knockout:spec/subscribableBehaviors.js':[
4,
],
'knockout:spec/taskBehaviors.js':[
8,
],
'knockout:spec/templatingBehaviors.js':[
28,
105,
],
'knockout:spec/utilsBehaviors.js':[
4,
],
'knockout:spec/utilsDomBehaviors.js':[
11,
47,
],
'knockout:src/binding/bindingAttributeSyntax.js':[
3,
569,
],
'knockout:src/binding/bindingProvider.js':[
4,
],
'knockout:src/binding/defaultBindings/attr.js':[
2,
],
'knockout:src/binding/defaultBindings/checked.js':[
3,
],
'knockout:src/binding/defaultBindings/click.js':[
2,
],
'knockout:src/binding/defaultBindings/css.js':[
2,
],
'knockout:src/binding/defaultBindings/enableDisable.js':[
1,
],
'knockout:src/binding/defaultBindings/event.js':[
4,
],
'knockout:src/binding/defaultBindings/foreach.js':[
3,
],
'knockout:src/binding/defaultBindings/hasfocus.js':[
3,
],
'knockout:src/binding/defaultBindings/html.js':[
1,
],
'knockout:src/binding/defaultBindings/ifIfnotWith.js':[
5,
],
'knockout:src/binding/defaultBindings/let.js':[
1,
],
'knockout:src/binding/defaultBindings/options.js':[
2,
],
'knockout:src/binding/defaultBindings/selectedOptions.js':[
1,
],
'knockout:src/binding/defaultBindings/style.js':[
1,
12,
],
'knockout:src/binding/defaultBindings/submit.js':[
1,
],
'knockout:src/binding/defaultBindings/text.js':[
1,
],
'knockout:src/binding/defaultBindings/textInput.js':[
19,
63,
],
'knockout:src/binding/defaultBindings/uniqueName.js':[
1,
],
'knockout:src/binding/defaultBindings/using.js':[
1,
],
'knockout:src/binding/defaultBindings/value.js':[
1,
],
'knockout:src/binding/defaultBindings/visibleHidden.js':[
1,
],
'knockout:src/binding/editDetection/arrayToDomNodeChildren.js':[
15,
],
'knockout:src/binding/editDetection/compareArrays.js':[
2,
],
'knockout:src/binding/expressionRewriting.js':[
1,
],
'knockout:src/binding/selectExtensions.js':[
7,
],
'knockout:src/components/componentBinding.js':[
4,
],
'knockout:src/components/customElements.js':[
4,
],
'knockout:src/components/defaultLoader.js':[
15,
197,
],
'knockout:src/components/loaderRegistry.js':[
5,
],
'knockout:src/google-closure-compiler-utils.js':[
2,
],
'knockout:src/memoization.js':[
2,
],
'knockout:src/options.js':[
2,
],
'knockout:src/subscribables/dependencyDetection.js':[
2,
],
'knockout:src/subscribables/dependentObservable.js':[
1,
83,
149,
],
'knockout:src/subscribables/extenders.js':[
1,
],
'knockout:src/subscribables/mappingHelpers.js':[
5,
],
'knockout:src/subscribables/observable.js':[
1,
44,
],
'knockout:src/subscribables/observableArray.changeTracking.js':[
2,
],
'knockout:src/subscribables/observableArray.js':[
1,
],
'knockout:src/subscribables/observableUtils.js':[
1,
],
'knockout:src/subscribables/subscribable.js':[
2,
185,
],
'knockout:src/tasks.js':[
1,
],
'knockout:src/templating/jquery.tmpl/jqueryTmplTemplateEngine.js':[
2,
8,
],
'knockout:src/templating/native/nativeTemplateEngine.js':[
1,
],
'knockout:src/templating/templateEngine.js':[
28,
],
'knockout:src/templating/templateRewriting.js':[
2,
],
'knockout:src/templating/templateSources.js':[
26,
],
'knockout:src/templating/templating.js':[
3,
],
'knockout:src/utils.domData.js':[
2,
],
'knockout:src/utils.domManipulation.js':[
19,
74,
],
'knockout:src/utils.domNodeDisposal.js':[
2,
95,
],
'knockout:src/utils.js':[
1,
29,
382,
],
'knockout:src/version.js':[
1,
],
'knockout:src/virtualElements.js':[
28,
],
}
