{
'amplify:lib/amplify.core.js':[
10,
],
'amplify:lib/amplify.js':[
10,
126,
418,
516,
],
'amplify:lib/amplify.request.js':[
12,
110,
],
'amplify:lib/amplify.store.js':[
10,
],
'amplify:src/core.js':[
1,
],
'amplify:src/request.js':[
3,
101,
],
'amplify:src/store.js':[
1,
],
}
