{
'prototype:src/prototype/ajax/request.js':[
262,
],
'prototype:src/prototype/ajax/updater.js':[
119,
],
'prototype:src/prototype/dom/dom.js':[
754,
2139,
],
'prototype:src/prototype/dom/event.js':[
102,
111,
124,
1240,
],
'prototype:src/prototype/dom/form.js':[
123,
124,
141,
],
'prototype:src/prototype/lang/class.js':[
148,
160,
164,
],
'prototype:src/prototype/lang/string.js':[
36,
408,
],
'prototype:test/unit/phantomjs/core-extensions.js':[
29,
66,
68,
],
'prototype:test/unit/phantomjs/mocha-phantomjs.js':[
14,
],
'prototype:test/unit/static/js/mocha.js':[
251,
283,
310,
4186,
4187,
5314,
],
'prototype:test/unit/tests/array.test.js':[
29,
238,
243,
252,
259,
287,
315,
341,
],
'prototype:test/unit/tests/dom.test.js':[
483,
704,
1522,
],
'prototype:test/unit/tests/enumerable.test.js':[
445,
],
'prototype:test/unit/tests/event.test.js':[
78,
90,
106,
119,
120,
136,
148,
266,
276,
],
'prototype:test/unit/tests/event_handler.test.js':[
26,
34,
44,
77,
86,
95,
],
'prototype:test/unit/tests/form.test.js':[
155,
158,
161,
234,
],
'prototype:test/unit/tests/function.test.js':[
53,
54,
55,
107,
116,
117,
152,
159,
192,
],
'prototype:test/unit/tests/number.test.js':[
33,
37,
],
'prototype:test/unit/tests/object.test.js':[
42,
45,
63,
99,
178,
],
'prototype:test/unit/tests/selector.test.js':[
178,
179,
],
'prototype:test/unit/tests/string.test.js':[
253,
476,
477,
480,
],
}
