{
'prototype:ext/update_helper/prototype_update_helper.js':[
36,
45,
54,
63,
72,
197,
197,
352,
403,
],
'prototype:src/prototype/ajax/base.js':[
16,
20,
],
'prototype:src/prototype/ajax/request.js':[
182,
184,
258,
325,
],
'prototype:src/prototype/ajax/responders.js':[
106,
],
'prototype:src/prototype/ajax/response.js':[
74,
80,
],
'prototype:src/prototype/ajax/updater.js':[
100,
104,
118,
],
'prototype:src/prototype/deprecated.js':[
203,
],
'prototype:src/prototype/dom/dom.js':[
80,
142,
204,
397,
586,
590,
688,
689,
725,
735,
740,
770,
772,
772,
773,
787,
792,
934,
937,
1124,
1451,
1464,
1691,
2037,
2188,
2201,
2365,
2464,
2476,
2506,
2568,
2586,
2703,
2773,
2781,
2820,
2824,
2827,
2994,
2996,
3009,
3013,
3014,
3023,
3032,
3033,
3034,
3035,
3036,
3037,
3038,
3039,
],
'prototype:src/prototype/dom/event.js':[
214,
365,
402,
409,
727,
728,
847,
1013,
1013,
1020,
1022,
1104,
1176,
1221,
],
'prototype:src/prototype/dom/form.js':[
108,
115,
123,
412,
415,
419,
420,
525,
749,
755,
760,
763,
881,
881,
],
'prototype:src/prototype/dom/layout.js':[
54,
59,
500,
617,
630,
729,
736,
1060,
1061,
1277,
1339,
1408,
1444,
],
'prototype:src/prototype/lang/array.js':[
93,
275,
404,
445,
454,
455,
457,
],
'prototype:src/prototype/lang/class.js':[
46,
53,
144,
],
'prototype:src/prototype/lang/enumerable.js':[
375,
376,
405,
445,
762,
],
'prototype:src/prototype/lang/function.js':[
116,
119,
],
'prototype:src/prototype/lang/hash.js':[
54,
54,
183,
292,
294,
350,
375,
],
'prototype:src/prototype/lang/number.js':[
103,
],
'prototype:src/prototype/lang/object.js':[
278,
],
'prototype:src/prototype/lang/string.js':[
34,
98,
99,
110,
165,
230,
503,
674,
675,
804,
835,
],
'prototype:src/prototype/lang/template.js':[
144,
167,
],
'prototype:test/unit/static/js/assertions.js':[
174,
397,
406,
430,
437,
438,
],
'prototype:test/unit/static/js/test_helpers.js':[
9,
73,
113,
122,
162,
169,
170,
184,
202,
350,
],
'prototype:test/unit/tests/ajax.test.js':[
58,
],
'prototype:test/unit/tests/array.test.js':[
29,
293,
321,
322,
347,
348,
],
'prototype:test/unit/tests/class.test.js':[
33,
41,
54,
81,
92,
],
'prototype:test/unit/tests/dom.test.js':[
318,
603,
614,
630,
649,
659,
669,
686,
700,
718,
733,
1375,
],
'prototype:test/unit/tests/event.test.js':[
175,
183,
],
'prototype:test/unit/tests/form.test.js':[
20,
284,
],
'prototype:test/unit/tests/function.test.js':[
180,
],
'prototype:test/unit/tests/hash.test.js':[
75,
154,
155,
165,
192,
206,
],
'prototype:test/unit/tests/number.test.js':[
6,
7,
8,
16,
17,
18,
22,
23,
24,
25,
26,
27,
28,
33,
37,
],
'prototype:test/unit/tests/object.test.js':[
16,
18,
21,
25,
30,
31,
32,
33,
58,
59,
60,
61,
62,
63,
67,
68,
69,
70,
71,
72,
73,
74,
75,
76,
77,
78,
79,
80,
82,
84,
85,
86,
87,
89,
93,
94,
95,
96,
97,
98,
99,
103,
104,
105,
106,
107,
108,
109,
110,
111,
112,
113,
114,
115,
116,
120,
121,
122,
123,
124,
125,
126,
127,
128,
129,
133,
134,
135,
136,
139,
140,
141,
142,
143,
147,
148,
150,
151,
152,
153,
154,
155,
156,
157,
161,
162,
163,
164,
165,
166,
167,
168,
169,
173,
174,
175,
176,
177,
178,
179,
180,
181,
182,
183,
184,
189,
190,
191,
192,
193,
195,
196,
197,
198,
199,
200,
201,
202,
203,
207,
208,
209,
210,
211,
212,
213,
214,
],
'prototype:test/unit/tests/regexp.test.js':[
6,
7,
8,
9,
11,
12,
14,
15,
17,
18,
20,
21,
23,
24,
26,
27,
29,
31,
32,
33,
34,
36,
37,
38,
42,
],
'prototype:test/unit/tests/selector.test.js':[
331,
],
'prototype:test/unit/tests/selector_engine.test.js':[
12,
21,
29,
],
'prototype:test/unit/tests/string.test.js':[
17,
18,
19,
22,
24,
25,
26,
27,
28,
35,
39,
43,
52,
54,
57,
59,
62,
64,
71,
73,
75,
77,
81,
82,
83,
84,
85,
86,
87,
88,
89,
93,
94,
95,
134,
138,
145,
146,
147,
148,
197,
198,
199,
200,
202,
203,
207,
208,
209,
210,
214,
215,
216,
217,
218,
219,
220,
221,
222,
226,
227,
228,
230,
235,
236,
238,
240,
242,
243,
249,
253,
258,
260,
262,
264,
266,
268,
274,
280,
281,
282,
285,
288,
292,
296,
297,
298,
301,
305,
306,
308,
314,
315,
321,
322,
323,
324,
325,
327,
328,
329,
330,
333,
334,
335,
337,
340,
341,
342,
346,
347,
348,
349,
350,
351,
352,
353,
357,
358,
359,
360,
361,
362,
407,
408,
409,
410,
411,
415,
416,
417,
418,
419,
423,
424,
425,
426,
427,
428,
432,
433,
434,
435,
436,
437,
438,
439,
440,
444,
445,
446,
447,
448,
449,
450,
451,
452,
453,
454,
455,
456,
457,
460,
470,
472,
474,
475,
483,
486,
489,
491,
492,
493,
494,
494,
495,
496,
497,
498,
499,
],
}
