{
'prototype:test/unit/static/js/assertions.js':[
434,
],
'prototype:test/unit/static/js/test_helpers.js':[
27,
166,
],
'prototype:test/unit/tests/dom.test.js':[
119,
238,
239,
311,
347,
450,
582,
674,
691,
759,
1096,
1118,
1119,
1130,
1131,
1162,
1162,
1170,
1189,
1195,
1322,
1333,
1342,
1348,
1408,
],
'prototype:test/unit/tests/event.test.js':[
11,
31,
31,
50,
50,
50,
78,
90,
98,
106,
118,
136,
148,
163,
188,
206,
225,
259,
273,
273,
284,
],
'prototype:test/unit/tests/form.test.js':[
135,
136,
137,
152,
165,
230,
246,
],
'prototype:test/unit/tests/layout.test.js':[
235,
301,
400,
401,
418,
419,
435,
436,
],
'prototype:test/unit/tests/selector.test.js':[
154,
369,
376,
],
'prototype:test/unit/tests/selector_engine.test.js':[
34,
],
}
