{
'TypeScript:src/harness/unittests/printer.ts':[
57,
],
'TypeScript:src/harness/unittests/services/colorization.ts':[
267,
309,
319,
332,
],
}
