{
'rxjs:spec/Observable-spec.ts':[
238,
],
'rxjs:spec/observables/combineLatest-spec.ts':[
489,
490,
501,
502,
514,
515,
524,
525,
526,
535,
536,
537,
546,
555,
],
'rxjs:spec/observables/dom/ajax-spec.ts':[
951,
],
'rxjs:spec/observables/dom/webSocket-spec.ts':[
557,
613,
],
'rxjs:spec/observables/forkJoin-spec.ts':[
358,
359,
370,
371,
383,
384,
393,
394,
395,
404,
405,
406,
415,
424,
],
'rxjs:spec/observables/from-spec.ts':[
30,
31,
32,
40,
],
'rxjs:spec/observables/interval-spec.ts':[
97,
124,
151,
],
'rxjs:spec/observables/pairs-spec.ts':[
23,
],
'rxjs:spec/observables/zip-spec.ts':[
591,
603,
612,
613,
622,
623,
632,
641,
],
'rxjs:spec/operators/concatMap-spec.ts':[
526,
],
'rxjs:spec/operators/finally-spec.ts':[
86,
87,
88,
97,
98,
99,
108,
109,
110,
119,
120,
121,
122,
132,
133,
134,
135,
145,
146,
147,
148,
158,
159,
160,
161,
162,
],
'rxjs:spec/operators/groupBy-spec.ts':[
96,
],
'rxjs:spec/operators/mergeMap-spec.ts':[
774,
775,
776,
777,
],
'rxjs:spec/operators/mergeMapTo-spec.ts':[
466,
467,
468,
469,
],
'rxjs:spec/operators/multicast-spec.ts':[
213,
241,
],
'rxjs:spec/operators/publish-spec.ts':[
121,
149,
],
'rxjs:spec/operators/publishBehavior-spec.ts':[
102,
130,
],
'rxjs:spec/operators/publishLast-spec.ts':[
102,
130,
],
'rxjs:spec/operators/publishReplay-spec.ts':[
121,
149,
],
'rxjs:spec/operators/scan-spec.ts':[
212,
],
'rxjs:spec/operators/single-spec.ts':[
161,
],
'rxjs:spec/operators/switch-spec.ts':[
235,
255,
],
'rxjs:spec/schedulers/QueueScheduler-spec.ts':[
30,
],
'rxjs:spec/schedulers/VirtualTimeScheduler-spec.ts':[
86,
],
'rxjs:spec/symbol/observable-polyfilled-spec.ts':[
7,
],
'rxjs:spec/symbol/observable-spec.ts':[
9,
],
'rxjs:spec/util/toSubscriber-spec.ts':[
6,
7,
16,
20,
21,
],
'rxjs:src/Rx.ts':[
193,
213,
],
}
