{
'rxjs:spec/helpers/marble-testing.ts':[
16,
23,
31,
38,
45,
],
'rxjs:spec/observables/from-spec.ts':[
76,
],
'rxjs:spec/observables/fromEvent-spec.ts':[
271,
],
'rxjs:spec/observables/fromEventPattern-spec.ts':[
80,
],
'rxjs:spec/operators/concatMap-spec.ts':[
727,
],
'rxjs:spec/operators/concatMapTo-spec.ts':[
360,
],
'rxjs:spec/operators/mergeMap-spec.ts':[
128,
],
'rxjs:spec/operators/mergeMapTo-spec.ts':[
87,
],
}
