{
'rxjs:spec/observables/dom/ajax-spec.ts':[
892,
894,
908,
],
'rxjs:spec/observables/dom/webSocket-spec.ts':[
646,
],
'rxjs:spec/operators/delayWhen-spec.ts':[
221,
222,
],
}
