{
'rxjs:spec/Observable-spec.ts':[
37,
38,
103,
125,
134,
156,
165,
645,
646,
681,
690,
706,
715,
729,
729,
738,
854,
855,
866,
],
'rxjs:spec/Subject-spec.ts':[
411,
429,
469,
],
'rxjs:spec/helpers/test-helper.ts':[
39,
],
'rxjs:spec/helpers/testScheduler-ui.ts':[
142,
145,
],
'rxjs:spec/observables/IteratorObservable-spec.ts':[
41,
139,
153,
172,
],
'rxjs:spec/observables/combineLatest-spec.ts':[
35,
],
'rxjs:spec/observables/defer-spec.ts':[
46,
60,
],
'rxjs:spec/observables/dom/ajax-spec.ts':[
240,
273,
],
'rxjs:spec/observables/dom/webSocket-spec.ts':[
283,
542,
552,
597,
608,
615,
],
'rxjs:spec/observables/from-promise-spec.ts':[
15,
43,
50,
65,
99,
126,
134,
],
'rxjs:spec/observables/from-spec.ts':[
88,
105,
],
'rxjs:spec/observables/fromEventPattern-spec.ts':[
90,
],
'rxjs:spec/observables/if-spec.ts':[
47,
62,
77,
91,
],
'rxjs:spec/observables/of-spec.ts':[
31,
],
'rxjs:spec/observables/using-spec.ts':[
8,
12,
31,
35,
48,
52,
68,
73,
75,
89,
94,
96,
],
'rxjs:spec/operators/audit-spec.ts':[
297,
],
'rxjs:spec/operators/bufferToggle-spec.ts':[
361,
363,
365,
382,
384,
386,
403,
423,
425,
],
'rxjs:spec/operators/catch-spec.ts':[
39,
67,
83,
],
'rxjs:spec/operators/concat-spec.ts':[
38,
],
'rxjs:spec/operators/concatMap-spec.ts':[
91,
105,
121,
135,
149,
651,
],
'rxjs:spec/operators/count-spec.ts':[
81,
92,
103,
132,
144,
156,
168,
],
'rxjs:spec/operators/debounce-spec.ts':[
364,
368,
],
'rxjs:spec/operators/distinctUntilChanged-spec.ts':[
159,
168,
],
'rxjs:spec/operators/filter-spec.ts':[
49,
57,
],
'rxjs:spec/operators/groupBy-spec.ts':[
227,
700,
1433,
],
'rxjs:spec/operators/let-spec.ts':[
17,
],
'rxjs:spec/operators/max-spec.ts':[
107,
118,
129,
224,
],
'rxjs:spec/operators/merge-spec.ts':[
38,
52,
],
'rxjs:spec/operators/mergeMap-spec.ts':[
729,
],
'rxjs:spec/operators/min-spec.ts':[
82,
93,
104,
160,
174,
232,
],
'rxjs:spec/operators/multicast-spec.ts':[
35,
77,
538,
611,
633,
],
'rxjs:spec/operators/observeOn-spec.ts':[
87,
],
'rxjs:spec/operators/publish-spec.ts':[
257,
],
'rxjs:spec/operators/publishBehavior-spec.ts':[
238,
],
'rxjs:spec/operators/publishReplay-spec.ts':[
368,
],
'rxjs:spec/operators/refCount-spec.ts':[
100,
],
'rxjs:spec/operators/repeat-spec.ts':[
292,
],
'rxjs:spec/operators/repeatWhen-spec.ts':[
48,
70,
],
'rxjs:spec/operators/switch-spec.ts':[
230,
237,
250,
257,
],
'rxjs:spec/operators/throttle-spec.ts':[
297,
],
'rxjs:spec/schedulers/QueueScheduler-spec.ts':[
69,
],
'rxjs:spec/subjects/BehaviorSubject-spec.ts':[
186,
],
'rxjs:spec/subjects/ReplaySubject-spec.ts':[
26,
],
'rxjs:spec/util/subscribeToResult-spec.ts':[
40,
89,
109,
138,
152,
168,
],
}
