{
'p5.js:docs/yuidoc-p5-theme/assets/js/reference.js':[
1332,
],
'p5.js:docs/yuidoc-p5-theme/assets/js/render.js':[
254,
],
'p5.js:test/manual-test-examples/addons/p5.sound/FFT_waveform/sketch.js':[
31,
],
'p5.js:test/manual-test-examples/addons/p5.sound/PulseFFT/sketch.js':[
56,
],
'p5.js:test/manual-test-examples/addons/p5.sound/Reverb_basic/sketch.js':[
9,
],
'p5.js:test/manual-test-examples/addons/p5.sound/loadSound_callback/sketch.js':[
5,
20,
22,
],
'p5.js:test/manual-test-examples/addons/p5.sound/loadSound_preload/sketch.js':[
6,
18,
20,
],
'p5.js:test/manual-test-examples/addons/p5.sound/micFFT/sketch.js':[
24,
],
'p5.js:test/manual-test-examples/addons/p5.sound/micLevel/sketch.js':[
7,
15,
],
'p5.js:test/manual-test-examples/addons/p5.sound/noiseMod_AM/sketch.js':[
67,
],
'p5.js:test/manual-test-examples/addons/p5.sound/oscillatorMod_AM/sketch.js':[
64,
],
'p5.js:test/manual-test-examples/addons/p5.sound/oscillatorMod_FM/sketch.js':[
67,
],
'p5.js:test/manual-test-examples/addons/p5.sound/oscillatorSecondsFromNow/sketch.js':[
6,
],
'p5.js:test/manual-test-examples/addons/p5.sound/oscillatorWaveform/sketch.js':[
31,
34,
36,
38,
40,
61,
],
'p5.js:test/manual-test-examples/addons/p5.sound/outOfPhase/sketch.js':[
32,
],
'p5.js:test/manual-test-examples/addons/p5.sound/peakDetect/sketch.js':[
153,
],
'p5.js:test/manual-test-examples/addons/p5.sound/recordLoops/sketch.js':[
36,
],
'p5.js:test/manual-test-examples/addons/p5.sound/soundfileMod_AM/sketch.js':[
69,
],
'p5.js:test/manual-test-examples/addons/p5.sound/waveform/sketch.js':[
31,
],
'p5.js:test/manual-test-examples/async/loadJSON_callback/sketch.js':[
27,
29,
],
'p5.js:test/manual-test-examples/dom/audioelt_onended/sketch.js':[
2,
],
'p5.js:test/manual-test-examples/dom/brightness_mirror/sketch.js':[
23,
],
'p5.js:test/manual-test-examples/dom/slider_tests/sketch.js':[
5,
],
'p5.js:test/manual-test-examples/dom/video_speed/sketch.js':[
7,
],
'p5.js:test/manual-test-examples/p5.Font/custom/sketch.js':[
615,
616,
617,
],
'p5.js:test/manual-test-examples/p5.Image/copying-images.js':[
19,
],
'p5.js:test/manual-test-examples/p5.Image/drawing-images.js':[
11,
49,
55,
83,
],
'p5.js:test/manual-test-examples/webgl/geometryImmediate/sketch.js':[
37,
],
'p5.js:test/manual-test-examples/webgl/geometryUnlit/sketch.js':[
73,
],
'p5.js:test/unit/math/p5.Vector.js':[
928,
929,
930,
931,
933,
934,
935,
937,
938,
940,
941,
943,
944,
],
}
