{
'p5.js:Gruntfile.js':[
74,
79,
87,
113,
119,
122,
123,
126,
133,
145,
148,
153,
158,
161,
163,
168,
169,
172,
174,
175,
182,
184,
187,
189,
190,
191,
206,
209,
210,
217,
218,
225,
227,
232,
238,
246,
248,
249,
256,
258,
261,
272,
273,
274,
284,
285,
288,
291,
292,
294,
304,
305,
310,
324,
327,
328,
333,
337,
350,
353,
354,
360,
364,
376,
377,
380,
381,
387,
391,
405,
406,
414,
417,
421,
422,
423,
424,
484,
488,
493,
497,
505,
512,
519,
526,
],
'p5.js:docs/documented-method.js':[
38,
],
'p5.js:docs/preprocessor.js':[
191,
],
'p5.js:docs/yuidoc-p5-theme/assets/js/reference.js':[
39,
177,
278,
579,
586,
588,
629,
653,
718,
729,
784,
881,
884,
901,
939,
951,
955,
975,
979,
1008,
1024,
1124,
1147,
1152,
1159,
1164,
1168,
1175,
1178,
1182,
1185,
1189,
1191,
1193,
1198,
1203,
1215,
1228,
1241,
1318,
1371,
1524,
1545,
1600,
1610,
1625,
1631,
1660,
1677,
1805,
1832,
1878,
1882,
1886,
2037,
2053,
2059,
2063,
2079,
2108,
2113,
2152,
2188,
2202,
2233,
2235,
2271,
2290,
2311,
2355,
2363,
2387,
2400,
2432,
2725,
3022,
3036,
3338,
3429,
3744,
3751,
3763,
3772,
3775,
3782,
3786,
3791,
3797,
3803,
3809,
3814,
3822,
3827,
3884,
4042,
4084,
4118,
4191,
4208,
4315,
4329,
4362,
4381,
4400,
4441,
4457,
4473,
4515,
4533,
4607,
4622,
4636,
4807,
],
'p5.js:docs/yuidoc-p5-theme/assets/js/render.js':[
197,
203,
],
'p5.js:docs/yuidoc-p5-theme/helpers/helpers_dev.js':[
10,
],
'p5.js:docs/yuidoc-p5-theme/helpers/helpers_prod.js':[
9,
],
'p5.js:grunt-karma.js':[
9,
12,
13,
15,
20,
21,
23,
28,
29,
31,
36,
37,
41,
42,
46,
47,
49,
54,
55,
57,
61,
62,
63,
],
'p5.js:karma.conf.js':[
13,
24,
31,
50,
56,
84,
],
'p5.js:lib/addons/p5.sound.js':[
492,
505,
645,
661,
698,
710,
718,
723,
728,
794,
844,
891,
901,
909,
918,
1285,
1337,
1366,
1502,
2860,
2886,
3235,
3239,
3243,
3555,
3557,
3565,
3578,
3582,
3586,
3590,
3594,
4019,
4105,
4114,
4118,
4173,
4184,
4191,
4197,
4203,
4209,
4225,
4231,
4235,
4237,
4246,
4253,
4260,
4264,
4267,
4273,
4275,
4282,
4298,
4311,
4322,
4468,
4474,
4514,
4531,
4575,
4598,
4639,
4645,
4653,
4758,
4772,
4797,
4848,
4889,
4906,
4912,
5034,
5059,
5066,
5073,
5104,
5116,
5186,
5195,
5893,
6089,
6103,
6111,
6124,
6135,
6151,
6170,
6187,
7224,
7545,
7547,
7887,
7919,
7999,
8004,
8006,
8014,
8019,
8023,
8032,
8039,
8041,
8052,
8057,
8065,
8068,
8071,
8074,
8076,
8078,
8120,
8131,
8177,
8179,
8195,
8214,
8245,
9087,
9154,
9302,
9372,
9382,
9392,
10260,
10273,
10289,
10292,
10302,
11016,
11149,
11165,
11181,
11193,
12278,
12286,
12294,
12298,
12302,
],
'p5.js:src/color/color_conversion.js':[
180,
],
'p5.js:src/color/p5.Color.js':[
623,
664,
678,
694,
710,
724,
740,
754,
760,
770,
],
'p5.js:src/core/error_helpers.js':[
71,
145,
149,
153,
157,
162,
166,
170,
174,
178,
180,
243,
305,
324,
348,
384,
494,
497,
502,
505,
521,
529,
],
'p5.js:src/core/main.js':[
182,
202,
576,
610,
645,
650,
708,
],
'p5.js:src/core/p5.Renderer.js':[
66,
80,
206,
],
'p5.js:src/core/p5.Renderer2D.js':[
262,
417,
751,
756,
],
'p5.js:src/core/shape/2d_primitives.js':[
96,
],
'p5.js:src/core/shim.js':[
34,
87,
],
'p5.js:src/core/structure.js':[
205,
207,
],
'p5.js:src/dom/dom.js':[
922,
2283,
2611,
2636,
],
'p5.js:src/events/mouse.js':[
480,
],
'p5.js:src/events/touch.js':[
67,
],
'p5.js:src/image/image.js':[
206,
],
'p5.js:src/image/loading_displaying.js':[
72,
195,
220,
],
'p5.js:src/image/p5.Image.js':[
661,
],
'p5.js:src/io/files.js':[
1120,
1121,
1792,
],
'p5.js:src/math/noise.js':[
297,
],
'p5.js:src/typography/p5.Font.js':[
132,
480,
622,
1044,
1086,
1090,
1094,
1096,
1098,
1105,
1110,
1115,
1119,
1128,
1139,
1159,
1182,
1198,
],
'p5.js:src/webgl/3d_primitives.js':[
157,
173,
386,
397,
402,
413,
1039,
1122,
1127,
1145,
1149,
1207,
1624,
1630,
1659,
1665,
1671,
],
'p5.js:src/webgl/light.js':[
164,
],
'p5.js:src/webgl/loading.js':[
194,
],
'p5.js:src/webgl/p5.Camera.js':[
632,
1188,
],
'p5.js:src/webgl/p5.RendererGL.Immediate.js':[
226,
],
'p5.js:src/webgl/p5.RendererGL.js':[
48,
144,
148,
157,
160,
162,
175,
182,
187,
189,
242,
820,
],
'p5.js:src/webgl/text.js':[
290,
606,
617,
],
'p5.js:tasks/build/browserify.js':[
35,
70,
],
'p5.js:tasks/build/combineModules.js':[
69,
100,
],
'p5.js:tasks/build/eslint-samples.js':[
15,
],
'p5.js:tasks/release/release-github.js':[
22,
43,
52,
57,
59,
70,
73,
],
'p5.js:tasks/release/release-p5.js':[
13,
23,
27,
29,
30,
34,
35,
37,
39,
],
'p5.js:tasks/test/mocha-chrome.js':[
18,
],
'p5.js:test/js/p5_helpers.js':[
58,
79,
],
'p5.js:test/js/sinon.js':[
457,
470,
482,
665,
819,
956,
973,
982,
1010,
1022,
1465,
1574,
1759,
2008,
2225,
2584,
2709,
3063,
3241,
3411,
3439,
3683,
3711,
3847,
3872,
3960,
3972,
4029,
4071,
4338,
4351,
4446,
4498,
4593,
4728,
4954,
4966,
5200,
5245,
5504,
5611,
5885,
5893,
],
'p5.js:test/manual-test-examples/addons/p5.sound/pan_soundfile/sketch.js':[
23,
],
'p5.js:test/manual-test-examples/addons/p5.sound/soundfile_playMode/sketch.js':[
13,
17,
],
'p5.js:test/manual-test-examples/p5.Font/custom/sketch.js':[
526,
],
'p5.js:test/manual-test-examples/p5.Font/svgpath/sketch.js':[
20,
],
'p5.js:test/manual-test-examples/tutorials/Integrating-other-libraries/0/buzz.js':[
29,
36,
356,
492,
724,
],
'p5.js:test/manual-test-examples/tutorials/Integrating-other-libraries/1/buzz.js':[
29,
36,
356,
492,
724,
],
'p5.js:test/manual-test-examples/tutorials/Integrating-other-libraries/2/buzz.js':[
29,
36,
356,
492,
724,
],
'p5.js:test/manual-test-examples/webgl/blendMode/sketch.js':[
27,
],
'p5.js:test/node/test-docs-preprocessor.js':[
18,
28,
30,
36,
39,
47,
50,
57,
60,
62,
64,
69,
77,
81,
83,
91,
95,
97,
110,
113,
115,
118,
127,
130,
132,
135,
],
'p5.js:test/reporter/simple.js':[
12,
],
'p5.js:test/unit/assets/array.js':[
6,
11,
13,
16,
],
'p5.js:test/unit/assets/object.js':[
5,
],
'p5.js:test/unit/core/error_helpers.js':[
42,
55,
],
'p5.js:test/unit/core/main.js':[
89,
119,
226,
],
'p5.js:test/unit/core/preload.js':[
16,
24,
44,
51,
69,
77,
93,
101,
117,
125,
166,
175,
176,
197,
205,
206,
225,
228,
236,
237,
257,
265,
267,
],
'p5.js:test/unit/core/structure.js':[
252,
],
'p5.js:test/unit/data/local_storage.js':[
45,
],
'p5.js:test/unit/dom/dom.js':[
112,
115,
],
'p5.js:test/unit/events/acceleration.js':[
17,
21,
29,
38,
],
'p5.js:test/unit/events/mouse.js':[
25,
31,
34,
37,
],
'p5.js:test/unit/events/touch.js':[
19,
25,
28,
31,
],
'p5.js:test/unit/image/loading.js':[
249,
],
'p5.js:test/unit/spec.js':[
16,
31,
36,
44,
54,
],
'p5.js:test/unit/typography/p5.Font.js':[
50,
],
'p5.js:test/unit/webgl/light.js':[
43,
],
'p5.js:test/unit/webgl/p5.Camera.js':[
17,
79,
238,
317,
330,
355,
368,
394,
407,
420,
433,
446,
459,
526,
562,
600,
],
'p5.js:test/unit/webgl/p5.Shader.js':[
98,
114,
131,
147,
],
'p5.js:utils/sample-linter.js':[
53,
82,
89,
90,
93,
94,
107,
126,
134,
202,
],
}
