{
'p5.js:Gruntfile.js':[
68,
],
'p5.js:bench/math/random-fe-off.bench.js':[
4,
],
'p5.js:bench/math/random-fe-on.bench.js':[
4,
],
'p5.js:bench/math/sin.bench.js':[
4,
],
'p5.js:docs/preprocessor.js':[
5,
33,
43,
224,
233,
],
'p5.js:docs/yuidoc-p5-theme/assets/js/render.js':[
1,
],
'p5.js:docs/yuidoc-p5-theme/helpers/helpers_dev.js':[
1,
],
'p5.js:docs/yuidoc-p5-theme/helpers/helpers_prod.js':[
1,
],
'p5.js:lib/empty-example/sketch.js':[
5,
],
'p5.js:src/core/environment.js':[
464,
473,
634,
654,
],
'p5.js:src/core/helpers.js':[
7,
],
'p5.js:src/core/p5.Renderer.js':[
390,
],
'p5.js:src/dom/dom.js':[
152,
332,
376,
1046,
3162,
],
'p5.js:src/events/mouse.js':[
463,
],
'p5.js:src/events/touch.js':[
57,
],
'p5.js:src/image/filters.js':[
487,
522,
],
'p5.js:src/image/loading_displaying.js':[
153,
239,
],
'p5.js:src/io/files.js':[
588,
1640,
1853,
1895,
],
'p5.js:src/io/p5.XML.js':[
307,
],
'p5.js:src/math/calculation.js':[
809,
],
'p5.js:src/typography/p5.Font.js':[
477,
499,
511,
528,
542,
557,
562,
587,
593,
626,
652,
704,
804,
960,
1080,
1146,
1150,
1163,
1211,
1229,
1235,
],
'p5.js:src/utilities/string_functions.js':[
205,
291,
371,
449,
],
'p5.js:src/webgl/loading.js':[
181,
285,
319,
336,
351,
445,
],
'p5.js:src/webgl/text.js':[
47,
125,
],
'p5.js:tasks/test/mocha-chrome.js':[
92,
],
'p5.js:test/js/chai_helpers.js':[
3,
],
'p5.js:test/js/p5_helpers.js':[
3,
17,
27,
62,
63,
65,
],
'p5.js:test/manual-test-examples/addons/p5.sound/DelayNoiseEnvelope/sketch.js':[
10,
10,
33,
54,
],
'p5.js:test/manual-test-examples/addons/p5.sound/DelaySoundFile/sketch.js':[
8,
8,
10,
27,
48,
],
'p5.js:test/manual-test-examples/addons/p5.sound/FFT_freqRange/sketch.js':[
9,
10,
12,
13,
15,
34,
66,
75,
],
'p5.js:test/manual-test-examples/addons/p5.sound/FFT_frequency_spectrum/sketch.js':[
17,
18,
19,
21,
22,
25,
27,
51,
73,
95,
],
'p5.js:test/manual-test-examples/addons/p5.sound/FFT_waveform/sketch.js':[
5,
6,
7,
10,
12,
34,
52,
],
'p5.js:test/manual-test-examples/addons/p5.sound/FFT_waveform_2/sketch.js':[
5,
6,
7,
9,
12,
14,
35,
71,
],
'p5.js:test/manual-test-examples/addons/p5.sound/Filter_BandPass/sketch.js':[
8,
9,
10,
11,
12,
12,
12,
35,
60,
],
'p5.js:test/manual-test-examples/addons/p5.sound/Filter_LowPass/sketch.js':[
8,
9,
11,
12,
14,
14,
14,
16,
44,
69,
],
'p5.js:test/manual-test-examples/addons/p5.sound/PulseFFT/sketch.js':[
4,
4,
4,
4,
4,
4,
4,
6,
7,
8,
9,
10,
12,
40,
70,
],
'p5.js:test/manual-test-examples/addons/p5.sound/Reverb_basic/sketch.js':[
5,
5,
7,
29,
],
'p5.js:test/manual-test-examples/addons/p5.sound/Reverb_convolve/sketch.js':[
12,
12,
13,
14,
16,
42,
],
'p5.js:test/manual-test-examples/addons/p5.sound/Reverb_convolve_FFT/sketch.js':[
12,
12,
12,
13,
14,
15,
17,
51,
66,
83,
],
'p5.js:test/manual-test-examples/addons/p5.sound/amplitude_analysis/sketch.js':[
5,
7,
8,
11,
12,
14,
15,
15,
17,
41,
67,
83,
],
'p5.js:test/manual-test-examples/addons/p5.sound/autoCorrelation/sketch.js':[
13,
13,
14,
15,
28,
44,
],
'p5.js:test/manual-test-examples/addons/p5.sound/envelope/sketch.js':[
17,
19,
22,
23,
24,
25,
26,
27,
28,
30,
31,
33,
36,
62,
],
'p5.js:test/manual-test-examples/addons/p5.sound/envelopeOnOff/sketch.js':[
7,
9,
12,
13,
14,
15,
16,
17,
18,
19,
21,
24,
51,
62,
68,
],
'p5.js:test/manual-test-examples/addons/p5.sound/loadSound_callback/sketch.js':[
4,
13,
28,
],
'p5.js:test/manual-test-examples/addons/p5.sound/loadSound_preload/sketch.js':[
4,
26,
],
'p5.js:test/manual-test-examples/addons/p5.sound/looper_simple/sketch.js':[
9,
10,
10,
11,
12,
41,
47,
52,
],
'p5.js:test/manual-test-examples/addons/p5.sound/micFFT/sketch.js':[
5,
5,
18,
],
'p5.js:test/manual-test-examples/addons/p5.sound/micLevel/sketch.js':[
11,
],
'p5.js:test/manual-test-examples/addons/p5.sound/micLevel_on_off/sketch.js':[
1,
2,
2,
2,
2,
4,
5,
6,
7,
9,
35,
57,
70,
],
'p5.js:test/manual-test-examples/addons/p5.sound/noiseMod_AM/sketch.js':[
25,
26,
27,
56,
],
'p5.js:test/manual-test-examples/addons/p5.sound/oscillatorMod_AM/sketch.js':[
25,
26,
27,
53,
],
'p5.js:test/manual-test-examples/addons/p5.sound/oscillatorMod_FM/sketch.js':[
28,
29,
30,
54,
],
'p5.js:test/manual-test-examples/addons/p5.sound/oscillatorSecondsFromNow/sketch.js':[
14,
20,
],
'p5.js:test/manual-test-examples/addons/p5.sound/oscillatorWaveform/sketch.js':[
5,
5,
5,
5,
5,
7,
8,
9,
10,
12,
47,
76,
89,
93,
97,
101,
],
'p5.js:test/manual-test-examples/addons/p5.sound/oscillator_FMSynth/sketch.js':[
1,
1,
4,
7,
34,
38,
],
'p5.js:test/manual-test-examples/addons/p5.sound/outOfPhase/sketch.js':[
8,
8,
8,
9,
28,
],
'p5.js:test/manual-test-examples/addons/p5.sound/pan_soundfile/sketch.js':[
6,
7,
9,
27,
],
'p5.js:test/manual-test-examples/addons/p5.sound/pause_soundfile/sketch.js':[
5,
7,
21,
26,
],
'p5.js:test/manual-test-examples/addons/p5.sound/peakDetect/sketch.js':[
4,
6,
7,
9,
11,
13,
14,
17,
20,
22,
81,
117,
132,
139,
173,
],
'p5.js:test/manual-test-examples/addons/p5.sound/peakDetect_basic/sketch.js':[
1,
1,
1,
1,
2,
4,
17,
32,
],
'p5.js:test/manual-test-examples/addons/p5.sound/play_soundfile/sketch.js':[
6,
8,
21,
29,
],
'p5.js:test/manual-test-examples/addons/p5.sound/playbackRate/sketch.js':[
10,
11,
13,
23,
31,
],
'p5.js:test/manual-test-examples/addons/p5.sound/record/sketch.js':[
5,
5,
5,
7,
31,
],
'p5.js:test/manual-test-examples/addons/p5.sound/recordLoops/sketch.js':[
5,
5,
5,
7,
9,
11,
39,
50,
],
'p5.js:test/manual-test-examples/addons/p5.sound/soundFormats/sketch.js':[
10,
12,
25,
30,
],
'p5.js:test/manual-test-examples/addons/p5.sound/soundfileMod_AM/sketch.js':[
25,
26,
27,
29,
58,
],
'p5.js:test/manual-test-examples/addons/p5.sound/soundfile_playMode/sketch.js':[
7,
8,
8,
8,
10,
32,
37,
47,
],
'p5.js:test/manual-test-examples/addons/p5.sound/waveform/sketch.js':[
5,
6,
7,
10,
12,
34,
52,
],
'p5.js:test/manual-test-examples/addons/p5.sound/waveform_peaks_with_playhead/sketch.js':[
9,
11,
11,
13,
28,
54,
66,
],
'p5.js:test/manual-test-examples/addons/p5.sound/waveform_with_playhead/sketch.js':[
9,
11,
11,
13,
26,
53,
65,
],
'p5.js:test/manual-test-examples/async/loadFont/global/sketch.js':[
9,
10,
11,
12,
13,
14,
15,
16,
18,
],
'p5.js:test/manual-test-examples/async/loadFont/instance/sketch.js':[
12,
33,
],
'p5.js:test/manual-test-examples/async/loadImage/global/sketch.js':[
12,
14,
23,
],
'p5.js:test/manual-test-examples/async/loadImage/instance/sketch.js':[
12,
29,
],
'p5.js:test/manual-test-examples/async/loadJSON_callback/sketch.js':[
17,
18,
34,
46,
],
'p5.js:test/manual-test-examples/async/loadJSON_options/sketch.js':[
10,
],
'p5.js:test/manual-test-examples/async/loadJSON_preload/sketch.js':[
12,
14,
],
'p5.js:test/manual-test-examples/async/loadStrings_callback/sketch.js':[
7,
21,
34,
],
'p5.js:test/manual-test-examples/async/loadStrings_preload/sketch.js':[
7,
9,
22,
35,
],
'p5.js:test/manual-test-examples/async/loadTable_callback/sketch.js':[
1,
7,
],
'p5.js:test/manual-test-examples/async/loadTable_options/sketch.js':[
1,
7,
],
'p5.js:test/manual-test-examples/async/loadTable_preload/sketch.js':[
1,
3,
],
'p5.js:test/manual-test-examples/async/loadXML_preload/sketch.js':[
12,
14,
],
'p5.js:test/manual-test-examples/dom/audio_button_slider/sketch.js':[
1,
2,
2,
2,
2,
2,
3,
21,
35,
],
'p5.js:test/manual-test-examples/dom/audioelt_onended/sketch.js':[
7,
],
'p5.js:test/manual-test-examples/dom/brightness_mirror/sketch.js':[
10,
13,
13,
28,
],
'p5.js:test/manual-test-examples/dom/capture_audio/sketch.js':[
1,
8,
],
'p5.js:test/manual-test-examples/dom/capture_video/sketch.js':[
1,
10,
],
'p5.js:test/manual-test-examples/dom/capture_video_sizing/sketch.js':[
1,
10,
18,
],
'p5.js:test/manual-test-examples/dom/checkbox_test/sketch.js':[
1,
2,
16,
27,
],
'p5.js:test/manual-test-examples/dom/color_picker/sketch.js':[
1,
1,
14,
21,
25,
],
'p5.js:test/manual-test-examples/dom/dropdown_test/sketch.js':[
1,
17,
24,
],
'p5.js:test/manual-test-examples/dom/file_input/sketch.js':[
7,
14,
],
'p5.js:test/manual-test-examples/dom/file_input_div/sketch.js':[
29,
33,
],
'p5.js:test/manual-test-examples/dom/global/sketch.js':[
1,
1,
1,
1,
1,
1,
1,
32,
37,
45,
],
'p5.js:test/manual-test-examples/dom/html/sketch.js':[
11,
18,
],
'p5.js:test/manual-test-examples/dom/input_button/sketch.js':[
1,
1,
1,
22,
],
'p5.js:test/manual-test-examples/dom/instance/sketch.js':[
1,
38,
],
'p5.js:test/manual-test-examples/dom/radio_test/sketch.js':[
1,
19,
26,
],
'p5.js:test/manual-test-examples/dom/slider_button/sketch.js':[
1,
1,
1,
1,
1,
22,
30,
],
'p5.js:test/manual-test-examples/dom/slider_tests/sketch.js':[
1,
11,
16,
],
'p5.js:test/manual-test-examples/dom/video_button/sketch.js':[
1,
2,
2,
11,
],
'p5.js:test/manual-test-examples/dom/video_circles/sketch.js':[
1,
12,
],
'p5.js:test/manual-test-examples/dom/video_pixels/sketch.js':[
1,
10,
],
'p5.js:test/manual-test-examples/dom/video_scrub/sketch.js':[
1,
2,
9,
15,
],
'p5.js:test/manual-test-examples/dom/video_speed/sketch.js':[
1,
2,
2,
2,
2,
2,
17,
28,
32,
36,
],
'p5.js:test/manual-test-examples/dom/video_to_canvas/sketch.js':[
1,
10,
],
'p5.js:test/manual-test-examples/empty-example/sketch.js':[
6,
],
'p5.js:test/manual-test-examples/env/cursor/cursor.js':[
1,
1,
1,
1,
11,
],
'p5.js:test/manual-test-examples/instantiation-global/case3/sketch.js':[
4,
],
'p5.js:test/manual-test-examples/instantiation-global/case4/sketch.js':[
7,
],
'p5.js:test/manual-test-examples/instantiation-global/case5/sketch.js':[
7,
],
'p5.js:test/manual-test-examples/instantiation-global/case6/sketch.js':[
4,
10,
],
'p5.js:test/manual-test-examples/instantiation-instance/case0/sketch.js':[
4,
17,
],
'p5.js:test/manual-test-examples/instantiation-instance/case1/sketch.js':[
4,
21,
],
'p5.js:test/manual-test-examples/instantiation-instance/case3/sketch.js':[
4,
21,
],
'p5.js:test/manual-test-examples/instantiation-instance/case4/sketch.js':[
4,
],
'p5.js:test/manual-test-examples/instantiation-instance/case5/sketch.js':[
4,
],
'p5.js:test/manual-test-examples/instantiation-instance/case6/sketch.js':[
1,
32,
34,
68,
],
'p5.js:test/manual-test-examples/keyboard/gamestyle.js':[
1,
2,
8,
],
'p5.js:test/manual-test-examples/keyboard/keyIsPressed.js':[
5,
],
'p5.js:test/manual-test-examples/learningprocessing/chp1/example_1_1.js':[
14,
],
'p5.js:test/manual-test-examples/learningprocessing/chp1/example_1_2.js':[
17,
],
'p5.js:test/manual-test-examples/learningprocessing/chp1/example_1_3.js':[
14,
],
'p5.js:test/manual-test-examples/learningprocessing/chp1/example_1_4.js':[
14,
],
'p5.js:test/manual-test-examples/learningprocessing/chp1/example_1_5.js':[
17,
],
'p5.js:test/manual-test-examples/learningprocessing/chp10/example_10_1/catcher.js':[
3,
],
'p5.js:test/manual-test-examples/learningprocessing/chp10/example_10_1/example_10_1.js':[
9,
17,
],
'p5.js:test/manual-test-examples/learningprocessing/chp10/example_10_10/catcher.js':[
9,
],
'p5.js:test/manual-test-examples/learningprocessing/chp10/example_10_10/drop.js':[
9,
],
'p5.js:test/manual-test-examples/learningprocessing/chp10/example_10_10/example_10_10.js':[
9,
10,
11,
12,
22,
],
'p5.js:test/manual-test-examples/learningprocessing/chp10/example_10_10/timer.js':[
9,
],
'p5.js:test/manual-test-examples/learningprocessing/chp10/example_10_2/ball.js':[
10,
],
'p5.js:test/manual-test-examples/learningprocessing/chp10/example_10_2/example_10_2.js':[
10,
11,
22,
],
'p5.js:test/manual-test-examples/learningprocessing/chp10/example_10_3/ball.js':[
10,
],
'p5.js:test/manual-test-examples/learningprocessing/chp10/example_10_3/example_10_3.js':[
10,
11,
22,
],
'p5.js:test/manual-test-examples/learningprocessing/chp10/example_10_4/example_10_4.js':[
9,
10,
18,
],
'p5.js:test/manual-test-examples/learningprocessing/chp10/example_10_5/example_10_5.js':[
9,
18,
],
'p5.js:test/manual-test-examples/learningprocessing/chp10/example_10_5/timer.js':[
3,
],
'p5.js:test/manual-test-examples/learningprocessing/chp10/example_10_6/example_10_6.js':[
10,
10,
20,
],
'p5.js:test/manual-test-examples/learningprocessing/chp10/example_10_7/drop.js':[
11,
],
'p5.js:test/manual-test-examples/learningprocessing/chp10/example_10_7/example_10_7.js':[
10,
13,
21,
],
'p5.js:test/manual-test-examples/learningprocessing/chp10/example_10_8/example_10_8.js':[
14,
],
'p5.js:test/manual-test-examples/learningprocessing/chp10/example_10_9/catcher.js':[
9,
],
'p5.js:test/manual-test-examples/learningprocessing/chp10/example_10_9/drop.js':[
9,
],
'p5.js:test/manual-test-examples/learningprocessing/chp10/example_10_9/example_10_9.js':[
9,
10,
11,
12,
22,
],
'p5.js:test/manual-test-examples/learningprocessing/chp10/example_10_9/timer.js':[
9,
],
'p5.js:test/manual-test-examples/learningprocessing/chp2/example_2_1.js':[
19,
],
'p5.js:test/manual-test-examples/learningprocessing/chp3/example_3_1.js':[
18,
],
'p5.js:test/manual-test-examples/learningprocessing/chp3/example_3_2.js':[
13,
],
'p5.js:test/manual-test-examples/learningprocessing/chp3/example_3_3.js':[
13,
],
'p5.js:test/manual-test-examples/learningprocessing/chp3/example_3_4.js':[
14,
],
'p5.js:test/manual-test-examples/learningprocessing/chp3/example_3_5.js':[
13,
18,
26,
],
'p5.js:test/manual-test-examples/learningprocessing/chp3/example_3_6.js':[
16,
47,
],
'p5.js:test/manual-test-examples/learningprocessing/chp4/example_4_1.js':[
8,
9,
10,
11,
12,
13,
15,
],
'p5.js:test/manual-test-examples/learningprocessing/chp4/example_4_2.js':[
10,
11,
18,
],
'p5.js:test/manual-test-examples/learningprocessing/chp4/example_4_3.js':[
10,
11,
18,
],
'p5.js:test/manual-test-examples/learningprocessing/chp4/example_4_4.js':[
10,
11,
12,
13,
14,
15,
16,
17,
25,
],
'p5.js:test/manual-test-examples/learningprocessing/chp4/example_4_5.js':[
13,
24,
],
'p5.js:test/manual-test-examples/learningprocessing/chp4/example_4_6.js':[
10,
11,
12,
13,
15,
16,
17,
25,
],
'p5.js:test/manual-test-examples/learningprocessing/chp4/example_4_7.js':[
9,
10,
11,
12,
14,
15,
16,
24,
],
'p5.js:test/manual-test-examples/learningprocessing/chp4/example_4_8.js':[
14,
15,
17,
18,
19,
31,
],
'p5.js:test/manual-test-examples/learningprocessing/chp5/example_5_1.js':[
10,
11,
12,
18,
],
'p5.js:test/manual-test-examples/learningprocessing/chp5/example_5_10.js':[
8,
9,
10,
11,
12,
15,
16,
23,
],
'p5.js:test/manual-test-examples/learningprocessing/chp5/example_5_2.js':[
10,
11,
12,
18,
],
'p5.js:test/manual-test-examples/learningprocessing/chp5/example_5_3.js':[
12,
],
'p5.js:test/manual-test-examples/learningprocessing/chp5/example_5_4.js':[
8,
10,
11,
12,
13,
19,
],
'p5.js:test/manual-test-examples/learningprocessing/chp5/example_5_5.js':[
8,
10,
11,
12,
13,
19,
34,
],
'p5.js:test/manual-test-examples/learningprocessing/chp5/example_5_6.js':[
8,
9,
16,
],
'p5.js:test/manual-test-examples/learningprocessing/chp5/example_5_7.js':[
10,
11,
14,
16,
22,
],
'p5.js:test/manual-test-examples/learningprocessing/chp5/example_5_8.js':[
9,
10,
12,
16,
22,
],
'p5.js:test/manual-test-examples/learningprocessing/chp5/example_5_9.js':[
9,
10,
12,
17,
23,
],
'p5.js:test/manual-test-examples/learningprocessing/chp6/example_6_1.js':[
14,
],
'p5.js:test/manual-test-examples/learningprocessing/chp6/example_6_10.js':[
9,
10,
11,
12,
13,
14,
21,
],
'p5.js:test/manual-test-examples/learningprocessing/chp6/example_6_11.js':[
9,
10,
11,
18,
],
'p5.js:test/manual-test-examples/learningprocessing/chp6/example_6_2.js':[
9,
10,
11,
12,
20,
],
'p5.js:test/manual-test-examples/learningprocessing/chp6/example_6_3.js':[
9,
10,
11,
12,
13,
21,
],
'p5.js:test/manual-test-examples/learningprocessing/chp6/example_6_4.js':[
9,
24,
],
'p5.js:test/manual-test-examples/learningprocessing/chp6/example_6_5.js':[
9,
10,
11,
12,
13,
19,
],
'p5.js:test/manual-test-examples/learningprocessing/chp6/example_6_6.js':[
9,
10,
11,
18,
],
'p5.js:test/manual-test-examples/learningprocessing/chp6/example_6_7.js':[
14,
27,
],
'p5.js:test/manual-test-examples/learningprocessing/chp6/example_6_8.js':[
10,
19,
],
'p5.js:test/manual-test-examples/learningprocessing/chp6/example_6_9.js':[
13,
],
'p5.js:test/manual-test-examples/learningprocessing/chp7/example_7_1.js':[
8,
],
'p5.js:test/manual-test-examples/learningprocessing/chp7/example_7_2.js':[
14,
19,
],
'p5.js:test/manual-test-examples/learningprocessing/chp7/example_7_3.js':[
10,
11,
19,
31,
37,
45,
],
'p5.js:test/manual-test-examples/learningprocessing/chp7/example_7_4.js':[
13,
31,
],
'p5.js:test/manual-test-examples/learningprocessing/chp7/example_7_5.js':[
9,
10,
11,
12,
13,
20,
36,
45,
],
'p5.js:test/manual-test-examples/learningprocessing/chp8/example_8_1.js':[
9,
17,
25,
],
'p5.js:test/manual-test-examples/learningprocessing/chp8/example_8_2.js':[
9,
10,
18,
26,
],
'p5.js:test/manual-test-examples/learningprocessing/chp8/example_8_3.js':[
8,
16,
24,
],
'p5.js:test/manual-test-examples/learningprocessing/chp9/example_9_10.js':[
10,
21,
32,
],
'p5.js:test/manual-test-examples/learningprocessing/chp9/example_9_11.js':[
7,
8,
18,
30,
44,
],
'p5.js:test/manual-test-examples/learningprocessing/chp9/example_9_12.js':[
11,
21,
29,
],
'p5.js:test/manual-test-examples/learningprocessing/chp9/example_9_2.js':[
9,
],
'p5.js:test/manual-test-examples/learningprocessing/chp9/example_9_3.js':[
9,
10,
],
'p5.js:test/manual-test-examples/learningprocessing/chp9/example_9_4.js':[
9,
11,
],
'p5.js:test/manual-test-examples/learningprocessing/chp9/example_9_5.js':[
9,
11,
],
'p5.js:test/manual-test-examples/learningprocessing/chp9/example_9_6.js':[
9,
11,
],
'p5.js:test/manual-test-examples/learningprocessing/chp9/example_9_7.js':[
9,
12,
],
'p5.js:test/manual-test-examples/learningprocessing/chp9/example_9_8.js':[
10,
11,
24,
],
'p5.js:test/manual-test-examples/learningprocessing/chp9/example_9_9.js':[
9,
20,
30,
],
'p5.js:test/manual-test-examples/loadingscreen/invalid_json.js':[
1,
3,
11,
],
'p5.js:test/manual-test-examples/loadingscreen/loadingscreen.js':[
1,
1,
1,
1,
3,
16,
],
'p5.js:test/manual-test-examples/loadingscreen/preload_success_callbacks.js':[
1,
2,
3,
4,
5,
6,
7,
8,
8,
8,
8,
8,
8,
10,
15,
20,
25,
30,
35,
40,
62,
],
'p5.js:test/manual-test-examples/mouse-events/global-mousex-offset/sketch.js':[
6,
],
'p5.js:test/manual-test-examples/mouse-events/global-mousex/sketch.js':[
6,
],
'p5.js:test/manual-test-examples/mouse-events/instance-mousex-css/sketch.js':[
1,
11,
],
'p5.js:test/manual-test-examples/mouse-events/instance-mousex-offset/sketch.js':[
1,
25,
],
'p5.js:test/manual-test-examples/mouse-events/instance-mousex/sketch.js':[
1,
24,
],
'p5.js:test/manual-test-examples/p5.Font/custom/sketch.js':[
1,
33,
145,
329,
353,
381,
409,
437,
465,
517,
572,
591,
612,
634,
653,
675,
703,
722,
746,
771,
796,
815,
842,
],
'p5.js:test/manual-test-examples/p5.Font/opentype/sketch.js':[
1,
2,
4,
15,
27,
49,
],
'p5.js:test/manual-test-examples/p5.Font/pathpoints/boids.js':[
4,
208,
212,
],
'p5.js:test/manual-test-examples/p5.Font/pathpoints/sketch.js':[
4,
19,
25,
],
'p5.js:test/manual-test-examples/p5.Font/simple/sketch.js':[
1,
59,
67,
75,
],
'p5.js:test/manual-test-examples/p5.Font/style/sketch.js':[
1,
3,
],
'p5.js:test/manual-test-examples/p5.Font/system/sketch.js':[
1,
27,
134,
313,
328,
347,
396,
420,
444,
468,
492,
506,
521,
535,
552,
575,
589,
608,
628,
648,
662,
684,
],
'p5.js:test/manual-test-examples/p5.Font/textAsWords/sketch.js':[
1,
2,
3,
5,
],
'p5.js:test/manual-test-examples/p5.Image/GIF/sketch.js':[
5,
19,
28,
36,
40,
],
'p5.js:test/manual-test-examples/p5.Image/animate-image.js':[
1,
2,
4,
14,
15,
17,
],
'p5.js:test/manual-test-examples/p5.Image/copying-images.js':[
1,
2,
],
'p5.js:test/manual-test-examples/p5.Image/cropping-images.js':[
1,
],
'p5.js:test/manual-test-examples/p5.Image/drawing-images.js':[
1,
91,
],
'p5.js:test/manual-test-examples/p5.Image/filter-images.js':[
1,
2,
],
'p5.js:test/manual-test-examples/p5.Image/loadPixels.js':[
3,
4,
17,
31,
],
'p5.js:test/manual-test-examples/p5.Image/manipulate-images.js':[
1,
2,
],
'p5.js:test/manual-test-examples/p5.Renderer2D/arc/scalingCorrection/sketch.js':[
1,
1,
2,
2,
3,
4,
11,
],
'p5.js:test/manual-test-examples/p5.Renderer2D/arc/startStopWrapping/sketch.js':[
1,
2,
8,
],
'p5.js:test/manual-test-examples/p5.Shape/test0/sketch.js':[
3,
],
'p5.js:test/manual-test-examples/p5.Table/findRows/sketch.js':[
1,
],
'p5.js:test/manual-test-examples/p5.Table/getColumn/sketch.js':[
1,
],
'p5.js:test/manual-test-examples/p5.Table/getObject/sketch.js':[
1,
],
'p5.js:test/manual-test-examples/p5.Table/matchRow/sketch.js':[
1,
],
'p5.js:test/manual-test-examples/p5.Table/matchRows/sketch.js':[
1,
],
'p5.js:test/manual-test-examples/p5.Table/removeTokens/sketch.js':[
1,
],
'p5.js:test/manual-test-examples/p5.Table/saveTable/sketch.js':[
1,
],
'p5.js:test/manual-test-examples/p5.Table/trim/sketch.js':[
1,
],
'p5.js:test/manual-test-examples/p5.Vector/NOC_2_5_fluidresistance/liquid.js':[
5,
],
'p5.js:test/manual-test-examples/p5.Vector/NOC_2_5_fluidresistance/mover.js':[
5,
],
'p5.js:test/manual-test-examples/p5.Vector/NOC_2_5_fluidresistance/sketch.js':[
12,
15,
30,
58,
63,
],
'p5.js:test/manual-test-examples/p5.Vector/NOC_2_7_attraction_many/attractor.js':[
7,
],
'p5.js:test/manual-test-examples/p5.Vector/NOC_2_7_attraction_many/mover.js':[
5,
],
'p5.js:test/manual-test-examples/p5.Vector/NOC_2_7_attraction_many/sketch.js':[
5,
7,
17,
31,
35,
39,
44,
],
'p5.js:test/manual-test-examples/p5.Vector/NOC_6_09_Flocking/boid.js':[
8,
],
'p5.js:test/manual-test-examples/p5.Vector/NOC_6_09_Flocking/flock.js':[
8,
],
'p5.js:test/manual-test-examples/p5.Vector/NOC_6_09_Flocking/sketch.js':[
11,
13,
28,
34,
],
'p5.js:test/manual-test-examples/pixel/set-pixels.js':[
1,
2,
3,
4,
6,
16,
],
'p5.js:test/manual-test-examples/pixel/update-pixels.js':[
1,
2,
3,
4,
6,
15,
],
'p5.js:test/manual-test-examples/saveData/saveJSONArray/sketch.js':[
1,
2,
4,
],
'p5.js:test/manual-test-examples/saveData/saveJSONObject/sketch.js':[
1,
],
'p5.js:test/manual-test-examples/tint/sketch.js':[
1,
3,
],
'p5.js:test/manual-test-examples/tutorials/DOM-extensions/0/sketch.js':[
22,
],
'p5.js:test/manual-test-examples/tutorials/DOM-extensions/1/sketch.js':[
26,
],
'p5.js:test/manual-test-examples/tutorials/DOM-extensions/2/sketch.js':[
4,
5,
22,
],
'p5.js:test/manual-test-examples/tutorials/DOM-extensions/3/sketch.js':[
4,
5,
25,
39,
43,
],
'p5.js:test/manual-test-examples/tutorials/DOM-extensions/4/sketch.js':[
4,
5,
24,
38,
42,
47,
],
'p5.js:test/manual-test-examples/tutorials/DOM-extensions/6/sketch.js':[
8,
9,
22,
39,
44,
],
'p5.js:test/manual-test-examples/tutorials/DOM-extensions/7/sketch.js':[
4,
5,
6,
25,
43,
48,
54,
],
'p5.js:test/manual-test-examples/tutorials/DOM-extensions/8/sketch.js':[
25,
],
'p5.js:test/manual-test-examples/tutorials/Integrating-other-libraries/0/sketch.js':[
24,
],
'p5.js:test/manual-test-examples/tutorials/Integrating-other-libraries/1/sketch.js':[
7,
8,
15,
20,
],
'p5.js:test/manual-test-examples/tutorials/Integrating-other-libraries/2/sketch.js':[
9,
10,
17,
22,
29,
],
'p5.js:test/manual-test-examples/webgl/arc/scalingCorrection/sketch.js':[
1,
1,
2,
2,
3,
4,
12,
],
'p5.js:test/manual-test-examples/webgl/arc/startStopWrapping/sketch.js':[
1,
2,
9,
],
'p5.js:test/manual-test-examples/webgl/blendMode/sketch.js':[
1,
2,
3,
4,
5,
7,
9,
31,
41,
58,
62,
72,
],
'p5.js:test/manual-test-examples/webgl/camera/frustum/sketch.js':[
7,
],
'p5.js:test/manual-test-examples/webgl/camera/setattributes/sketch.js':[
6,
9,
],
'p5.js:test/manual-test-examples/webgl/curves/sketch.js':[
1,
7,
],
'p5.js:test/manual-test-examples/webgl/customShader/sketch.js':[
6,
31,
63,
],
'p5.js:test/manual-test-examples/webgl/debugMode/sketch.js':[
9,
],
'p5.js:test/manual-test-examples/webgl/geometryImmediate/sketch.js':[
5,
17,
29,
46,
],
'p5.js:test/manual-test-examples/webgl/geometryLit/sketch.js':[
15,
25,
155,
203,
210,
],
'p5.js:test/manual-test-examples/webgl/geometryLoading/sketch.js':[
5,
17,
],
'p5.js:test/manual-test-examples/webgl/geometryUnlit/sketch.js':[
10,
19,
21,
72,
120,
127,
],
'p5.js:test/manual-test-examples/webgl/get/sketch.js':[
5,
6,
12,
27,
],
'p5.js:test/manual-test-examples/webgl/performance/points/sketch.js':[
1,
28,
29,
30,
31,
32,
50,
],
'p5.js:test/manual-test-examples/webgl/performance/spheres/sketch.js':[
1,
7,
],
'p5.js:test/manual-test-examples/webgl/performance/triangles/sketch.js':[
5,
],
'p5.js:test/manual-test-examples/webgl/text/chinese/sketch.js':[
1,
3,
9,
31,
32,
34,
44,
45,
46,
48,
],
'p5.js:test/manual-test-examples/webgl/text/multiple/sketch.js':[
1,
2,
4,
19,
23,
24,
25,
26,
28,
],
'p5.js:test/manual-test-examples/webgl/texture/multipleTextures/sketch.js':[
1,
1,
3,
16,
24,
],
'p5.js:test/manual-test-examples/webgl/texture/textureFilter/sketch.js':[
1,
2,
3,
4,
6,
21,
37,
50,
59,
],
'p5.js:test/manual-test-examples/webgl/texture/textureMode/sketch.js':[
4,
6,
14,
],
'p5.js:test/manual-test-examples/webgl/texture/textureWrap/sketch.js':[
1,
2,
3,
4,
6,
18,
36,
49,
60,
],
'p5.js:test/manual-test-examples/webgl/texture/transparentTexture/sketch.js':[
1,
15,
39,
],
'p5.js:test/manual-test-examples/webgl/texture/videoTexture/sketch.js':[
1,
2,
3,
3,
5,
17,
42,
],
'p5.js:test/unit/image/loading.js':[
5,
],
'p5.js:test/unit/spec.js':[
1,
],
'p5.js:test/unit/webgl/p5.Matrix.js':[
2,
10,
18,
],
'p5.js:utils/sample-linter.js':[
31,
196,
],
}
