{
'p5.js:docs/preprocessor.js':[
188,
268,
],
'p5.js:docs/yuidoc-p5-theme/assets/js/reference.js':[
296,
606,
674,
746,
820,
1208,
1341,
1373,
1557,
1688,
1848,
2189,
2312,
2378,
2772,
2772,
2827,
2844,
2853,
2988,
3457,
3505,
3957,
4119,
4330,
4402,
4534,
4623,
4730,
4863,
],
'p5.js:docs/yuidoc-p5-theme/assets/js/render.js':[
38,
126,
152,
241,
],
'p5.js:lib/addons/p5.sound.js':[
341,
670,
1000,
1002,
1098,
1850,
1851,
2770,
4034,
4039,
4044,
4049,
4293,
4481,
4668,
4675,
8109,
8165,
8187,
8201,
8249,
8683,
10088,
10089,
12408,
],
'p5.js:src/color/color_conversion.js':[
153,
153,
153,
],
'p5.js:src/color/creating_reading.js':[
471,
],
'p5.js:src/core/error_helpers.js':[
320,
],
'p5.js:src/core/main.js':[
250,
253,
],
'p5.js:src/dom/dom.js':[
826,
840,
],
'p5.js:src/image/loading_displaying.js':[
93,
167,
],
'p5.js:src/math/noise.js':[
287,
],
'p5.js:src/math/random.js':[
228,
],
'p5.js:src/typography/p5.Font.js':[
813,
813,
888,
974,
],
'p5.js:src/utilities/conversion.js':[
84,
274,
],
'p5.js:src/webgl/p5.RendererGL.js':[
693,
],
'p5.js:src/webgl/text.js':[
199,
199,
212,
213,
403,
403,
465,
465,
481,
481,
581,
583,
],
'p5.js:tasks/release/release-bower.js':[
42,
42,
60,
60,
],
'p5.js:test/js/sinon.js':[
51,
251,
251,
387,
465,
467,
672,
672,
672,
672,
672,
672,
828,
830,
1113,
1161,
1211,
1221,
1541,
1542,
1622,
1644,
1645,
1665,
1695,
1695,
1696,
1712,
1748,
1749,
1971,
1999,
1999,
2000,
2006,
2019,
2032,
2054,
2091,
2092,
2277,
2310,
2312,
2585,
2677,
2681,
2685,
2699,
2709,
2732,
2765,
2829,
3094,
3125,
3126,
3171,
3175,
3179,
3272,
3309,
3310,
3727,
3765,
3795,
3899,
3942,
3979,
3980,
4014,
4092,
4117,
4123,
4155,
4194,
4209,
4219,
4379,
4731,
5010,
5108,
5255,
5292,
5358,
5391,
5516,
5548,
5549,
5568,
5598,
5622,
5649,
5676,
5717,
5748,
5751,
5930,
],
'p5.js:test/manual-test-examples/p5.Font/pathpoints/boids.js':[
78,
193,
],
'p5.js:test/manual-test-examples/p5.Font/simple/sketch.js':[
86,
],
'p5.js:test/manual-test-examples/p5.Font/textAsWords/sketch.js':[
10,
56,
78,
],
'p5.js:test/manual-test-examples/p5.Image/drawing-images.js':[
73,
],
'p5.js:test/manual-test-examples/tutorials/Integrating-other-libraries/0/buzz.js':[
370,
405,
489,
500,
],
'p5.js:test/manual-test-examples/tutorials/Integrating-other-libraries/1/buzz.js':[
370,
405,
489,
500,
],
'p5.js:test/manual-test-examples/tutorials/Integrating-other-libraries/2/buzz.js':[
370,
405,
489,
500,
],
'p5.js:test/manual-test-examples/webgl/blendMode/sketch.js':[
43,
],
'p5.js:test/unit/core/error_helpers.js':[
166,
],
'p5.js:test/unit/core/rendering.js':[
125,
],
'p5.js:test/unit/io/loadJSON.js':[
107,
],
'p5.js:test/unit/io/loadStrings.js':[
92,
],
'p5.js:test/unit/math/p5.Vector.js':[
383,
441,
530,
],
'p5.js:test/unit/utilities/time_date.js':[
122,
],
'p5.js:utils/sample-linter.js':[
35,
],
}
